../Core/Src/main.c:137:9:getCheckSum	24	static
../Core/Src/main.c:146:6:ReadUart	16	static
../Core/Src/main.c:157:10:DecodeData	24	static
../Core/Src/main.c:167:6:EncodeDataDC	32	static
../Core/Src/main.c:194:6:EncodeDataAC	32	static
../Core/Src/main.c:213:6:delay_us	16	static
../Core/Src/main.c:219:6:ForwardDC	24	static
../Core/Src/main.c:230:6:InverseDC	24	static
../Core/Src/main.c:242:6:Create_pulse_Forward_AC	24	static
../Core/Src/main.c:255:6:Create_pulse_Inverse_AC	24	static
../Core/Src/main.c:269:6:Control_Motor	40	static
../Core/Src/main.c:305:6:HAL_UART_RxCpltCallback	16	static
../Core/Src/main.c:338:6:HAL_TIM_PeriodElapsedCallback	16	static
../Core/Src/main.c:363:6:HAL_TIM_PWM_PulseFinishedCallback	16	static
../Core/Src/main.c:371:6:HAL_CAN_RxFifo0MsgPendingCallback	16	static
../Core/Src/main.c:390:5:main	8	static
../Core/Src/main.c:465:6:SystemClock_Config	72	static
../Core/Src/main.c:505:13:MX_CAN_Init	8	static
../Core/Src/main.c:561:13:MX_TIM1_Init	32	static
../Core/Src/main.c:607:13:MX_TIM2_Init	56	static
../Core/Src/main.c:656:13:MX_TIM3_Init	56	static
../Core/Src/main.c:705:13:MX_TIM4_Init	32	static
../Core/Src/main.c:750:13:MX_USART1_UART_Init	8	static
../Core/Src/main.c:783:13:MX_GPIO_Init	40	static
../Core/Src/main.c:847:6:Error_Handler	4	static,ignoring_inline_asm
