../Core/Src/main.c:137:9:getCheckSum	2
../Core/Src/main.c:146:6:ReadUart	1
../Core/Src/main.c:157:10:DecodeData	1
../Core/Src/main.c:167:6:EncodeDataDC	4
../Core/Src/main.c:194:6:EncodeDataAC	2
../Core/Src/main.c:213:6:delay_us	2
../Core/Src/main.c:219:6:ForwardDC	2
../Core/Src/main.c:230:6:InverseDC	2
../Core/Src/main.c:242:6:Create_pulse_Forward_AC	2
../Core/Src/main.c:255:6:Create_pulse_Inverse_AC	2
../Core/Src/main.c:269:6:Control_Motor	4
../Core/Src/main.c:305:6:HAL_UART_RxCpltCallback	6
../Core/Src/main.c:338:6:HAL_TIM_PeriodElapsedCallback	5
../Core/Src/main.c:363:6:HAL_TIM_PWM_PulseFinishedCallback	2
../Core/Src/main.c:371:6:HAL_CAN_RxFifo0MsgPendingCallback	3
../Core/Src/main.c:388:5:main	2
../Core/Src/main.c:463:6:SystemClock_Config	3
../Core/Src/main.c:503:13:MX_CAN_Init	3
../Core/Src/main.c:559:13:MX_TIM1_Init	4
../Core/Src/main.c:605:13:MX_TIM2_Init	3
../Core/Src/main.c:654:13:MX_TIM3_Init	3
../Core/Src/main.c:703:13:MX_TIM4_Init	4
../Core/Src/main.c:748:13:MX_USART1_UART_Init	2
../Core/Src/main.c:781:13:MX_GPIO_Init	1
../Core/Src/main.c:845:6:Error_Handler	1
