Archive member included to satisfy reference by file (symbol)

C:/ST/STM32CubeIDE_1.14.1/STM32CubeIDE/plugins/com.st.stm32cube.ide.mcu.externaltools.gnu-tools-for-stm32.11.3.rel1.win32_1.1.100.202309141235/tools/bin/../lib/gcc/arm-none-eabi/11.3.1/../../../../arm-none-eabi/lib/thumb/v7-m/nofp\libc_nano.a(libc_a-exit.o)
                              C:/ST/STM32CubeIDE_1.14.1/STM32CubeIDE/plugins/com.st.stm32cube.ide.mcu.externaltools.gnu-tools-for-stm32.11.3.rel1.win32_1.1.100.202309141235/tools/bin/../lib/gcc/arm-none-eabi/11.3.1/../../../../arm-none-eabi/lib/thumb/v7-m/nofp/crt0.o (exit)
C:/ST/STM32CubeIDE_1.14.1/STM32CubeIDE/plugins/com.st.stm32cube.ide.mcu.externaltools.gnu-tools-for-stm32.11.3.rel1.win32_1.1.100.202309141235/tools/bin/../lib/gcc/arm-none-eabi/11.3.1/../../../../arm-none-eabi/lib/thumb/v7-m/nofp\libc_nano.a(libc_a-findfp.o)
                              C:/ST/STM32CubeIDE_1.14.1/STM32CubeIDE/plugins/com.st.stm32cube.ide.mcu.externaltools.gnu-tools-for-stm32.11.3.rel1.win32_1.1.100.202309141235/tools/bin/../lib/gcc/arm-none-eabi/11.3.1/../../../../arm-none-eabi/lib/thumb/v7-m/nofp\libc_nano.a(libc_a-exit.o) (__stdio_exit_handler)
C:/ST/STM32CubeIDE_1.14.1/STM32CubeIDE/plugins/com.st.stm32cube.ide.mcu.externaltools.gnu-tools-for-stm32.11.3.rel1.win32_1.1.100.202309141235/tools/bin/../lib/gcc/arm-none-eabi/11.3.1/../../../../arm-none-eabi/lib/thumb/v7-m/nofp\libc_nano.a(libc_a-fwalk.o)
                              C:/ST/STM32CubeIDE_1.14.1/STM32CubeIDE/plugins/com.st.stm32cube.ide.mcu.externaltools.gnu-tools-for-stm32.11.3.rel1.win32_1.1.100.202309141235/tools/bin/../lib/gcc/arm-none-eabi/11.3.1/../../../../arm-none-eabi/lib/thumb/v7-m/nofp\libc_nano.a(libc_a-findfp.o) (_fwalk_sglue)
C:/ST/STM32CubeIDE_1.14.1/STM32CubeIDE/plugins/com.st.stm32cube.ide.mcu.externaltools.gnu-tools-for-stm32.11.3.rel1.win32_1.1.100.202309141235/tools/bin/../lib/gcc/arm-none-eabi/11.3.1/../../../../arm-none-eabi/lib/thumb/v7-m/nofp\libc_nano.a(libc_a-stdio.o)
                              C:/ST/STM32CubeIDE_1.14.1/STM32CubeIDE/plugins/com.st.stm32cube.ide.mcu.externaltools.gnu-tools-for-stm32.11.3.rel1.win32_1.1.100.202309141235/tools/bin/../lib/gcc/arm-none-eabi/11.3.1/../../../../arm-none-eabi/lib/thumb/v7-m/nofp\libc_nano.a(libc_a-findfp.o) (__sread)
C:/ST/STM32CubeIDE_1.14.1/STM32CubeIDE/plugins/com.st.stm32cube.ide.mcu.externaltools.gnu-tools-for-stm32.11.3.rel1.win32_1.1.100.202309141235/tools/bin/../lib/gcc/arm-none-eabi/11.3.1/../../../../arm-none-eabi/lib/thumb/v7-m/nofp\libc_nano.a(libc_a-memset.o)
                              C:/ST/STM32CubeIDE_1.14.1/STM32CubeIDE/plugins/com.st.stm32cube.ide.mcu.externaltools.gnu-tools-for-stm32.11.3.rel1.win32_1.1.100.202309141235/tools/bin/../lib/gcc/arm-none-eabi/11.3.1/../../../../arm-none-eabi/lib/thumb/v7-m/nofp/crt0.o (memset)
C:/ST/STM32CubeIDE_1.14.1/STM32CubeIDE/plugins/com.st.stm32cube.ide.mcu.externaltools.gnu-tools-for-stm32.11.3.rel1.win32_1.1.100.202309141235/tools/bin/../lib/gcc/arm-none-eabi/11.3.1/../../../../arm-none-eabi/lib/thumb/v7-m/nofp\libc_nano.a(libc_a-closer.o)
                              C:/ST/STM32CubeIDE_1.14.1/STM32CubeIDE/plugins/com.st.stm32cube.ide.mcu.externaltools.gnu-tools-for-stm32.11.3.rel1.win32_1.1.100.202309141235/tools/bin/../lib/gcc/arm-none-eabi/11.3.1/../../../../arm-none-eabi/lib/thumb/v7-m/nofp\libc_nano.a(libc_a-stdio.o) (_close_r)
C:/ST/STM32CubeIDE_1.14.1/STM32CubeIDE/plugins/com.st.stm32cube.ide.mcu.externaltools.gnu-tools-for-stm32.11.3.rel1.win32_1.1.100.202309141235/tools/bin/../lib/gcc/arm-none-eabi/11.3.1/../../../../arm-none-eabi/lib/thumb/v7-m/nofp\libc_nano.a(libc_a-reent.o)
                              C:/ST/STM32CubeIDE_1.14.1/STM32CubeIDE/plugins/com.st.stm32cube.ide.mcu.externaltools.gnu-tools-for-stm32.11.3.rel1.win32_1.1.100.202309141235/tools/bin/../lib/gcc/arm-none-eabi/11.3.1/../../../../arm-none-eabi/lib/thumb/v7-m/nofp\libc_nano.a(libc_a-closer.o) (errno)
C:/ST/STM32CubeIDE_1.14.1/STM32CubeIDE/plugins/com.st.stm32cube.ide.mcu.externaltools.gnu-tools-for-stm32.11.3.rel1.win32_1.1.100.202309141235/tools/bin/../lib/gcc/arm-none-eabi/11.3.1/../../../../arm-none-eabi/lib/thumb/v7-m/nofp\libc_nano.a(libc_a-impure.o)
                              C:/ST/STM32CubeIDE_1.14.1/STM32CubeIDE/plugins/com.st.stm32cube.ide.mcu.externaltools.gnu-tools-for-stm32.11.3.rel1.win32_1.1.100.202309141235/tools/bin/../lib/gcc/arm-none-eabi/11.3.1/../../../../arm-none-eabi/lib/thumb/v7-m/nofp\libc_nano.a(libc_a-reent.o) (_impure_ptr)
C:/ST/STM32CubeIDE_1.14.1/STM32CubeIDE/plugins/com.st.stm32cube.ide.mcu.externaltools.gnu-tools-for-stm32.11.3.rel1.win32_1.1.100.202309141235/tools/bin/../lib/gcc/arm-none-eabi/11.3.1/../../../../arm-none-eabi/lib/thumb/v7-m/nofp\libc_nano.a(libc_a-lseekr.o)
[...]
Memory Configuration

Name             Origin             Length             Attributes
RAM              0x0000000020000000 0x0000000000005000 xrw
FLASH            0x0000000008000000 0x0000000000010000 xr
*default*        0x0000000000000000 0xffffffffffffffff

Linker script and memory map

LOAD C:/ST/STM32CubeIDE_1.14.1/STM32CubeIDE/plugins/com.st.stm32cube.ide.mcu.externaltools.gnu-tools-for-stm32.11.3.rel1.win32_1.1.100.202309141235/tools/bin/../lib/gcc/arm-none-eabi/11.3.1/thumb/v7-m/nofp/crti.o
LOAD C:/ST/STM32CubeIDE_1.14.1/STM32CubeIDE/plugins/com.st.stm32cube.ide.mcu.externaltools.gnu-tools-for-stm32.11.3.rel1.win32_1.1.100.202309141235/tools/bin/../lib/gcc/arm-none-eabi/11.3.1/thumb/v7-m/nofp/crtbegin.o
LOAD C:/ST/STM32CubeIDE_1.14.1/STM32CubeIDE/plugins/com.st.stm32cube.ide.mcu.externaltools.gnu-tools-for-stm32.11.3.rel1.win32_1.1.100.202309141235/tools/bin/../lib/gcc/arm-none-eabi/11.3.1/../../../../arm-none-eabi/lib/thumb/v7-m/nofp/crt0.o
LOAD ./Core/Src/main.o
LOAD ./Core/Src/stm32f1xx_hal_msp.o
LOAD ./Core/Src/stm32f1xx_it.o
LOAD ./Core/Src/syscalls.o
LOAD ./Core/Src/sysmem.o
LOAD ./Core/Src/system_stm32f1xx.o
LOAD ./Core/Startup/startup_stm32f103c8tx.o
LOAD ./Drivers/STM32F1xx_HAL_Driver/Src/stm32f1xx_hal.o
LOAD ./Drivers/STM32F1xx_HAL_Driver/Src/stm32f1xx_hal_can.o
LOAD ./Drivers/STM32F1xx_HAL_Driver/Src/stm32f1xx_hal_cortex.o
LOAD ./Drivers/STM32F1xx_HAL_Driver/Src/stm32f1xx_hal_dma.o
LOAD ./Drivers/STM32F1xx_HAL_Driver/Src/stm32f1xx_hal_exti.o
LOAD ./Drivers/STM32F1xx_HAL_Driver/Src/stm32f1xx_hal_flash.o
LOAD ./Drivers/STM32F1xx_HAL_Driver/Src/stm32f1xx_hal_flash_ex.o
LOAD ./Drivers/STM32F1xx_HAL_Driver/Src/stm32f1xx_hal_gpio.o
LOAD ./Drivers/STM32F1xx_HAL_Driver/Src/stm32f1xx_hal_gpio_ex.o
LOAD ./Drivers/STM32F1xx_HAL_Driver/Src/stm32f1xx_hal_pwr.o
LOAD ./Drivers/STM32F1xx_HAL_Driver/Src/stm32f1xx_hal_rcc.o
LOAD ./Drivers/STM32F1xx_HAL_Driver/Src/stm32f1xx_hal_rcc_ex.o
LOAD ./Drivers/STM32F1xx_HAL_Driver/Src/stm32f1xx_hal_tim.o
LOAD ./Drivers/STM32F1xx_HAL_Driver/Src/stm32f1xx_hal_tim_ex.o
LOAD ./Drivers/STM32F1xx_HAL_Driver/Src/stm32f1xx_hal_uart.o
START GROUP
LOAD C:/ST/STM32CubeIDE_1.14.1/STM32CubeIDE/plugins/com.st.stm32cube.ide.mcu.externaltools.gnu-tools-for-stm32.11.3.rel1.win32_1.1.100.202309141235/tools/bin/../lib/gcc/arm-none-eabi/11.3.1/../../../../arm-none-eabi/lib/thumb/v7-m/nofp\libc_nano.a
LOAD C:/ST/STM32CubeIDE_1.14.1/STM32CubeIDE/plugins/com.st.stm32cube.ide.mcu.externaltools.gnu-tools-for-stm32.11.3.rel1.win32_1.1.100.202309141235/tools/bin/../lib/gcc/arm-none-eabi/11.3.1/../../../../arm-none-eabi/lib/thumb/v7-m/nofp\libm.a
END GROUP
START GROUP
LOAD C:/ST/STM32CubeIDE_1.14.1/STM32CubeIDE/plugins/com.st.stm32cube.ide.mcu.externaltools.gnu-tools-for-stm32.11.3.rel1.win32_1.1.100.202309141235/tools/bin/../lib/gcc/arm-none-eabi/11.3.1/thumb/v7-m/nofp\libgcc.a
LOAD C:/ST/STM32CubeIDE_1.14.1/STM32CubeIDE/plugins/com.st.stm32cube.ide.mcu.externaltools.gnu-tools-for-stm32.11.3.rel1.win32_1.1.100.202309141235/tools/bin/../lib/gcc/arm-none-eabi/11.3.1/../../../../arm-none-eabi/lib/thumb/v7-m/nofp\libc_nano.a
END GROUP
START GROUP
LOAD C:/ST/STM32CubeIDE_1.14.1/STM32CubeIDE/plugins/com.st.stm32cube.ide.mcu.externaltools.gnu-tools-for-stm32.11.3.rel1.win32_1.1.100.202309141235/tools/bin/../lib/gcc/arm-none-eabi/11.3.1/thumb/v7-m/nofp\libgcc.a
LOAD C:/ST/STM32CubeIDE_1.14.1/STM32CubeIDE/plugins/com.st.stm32cube.ide.mcu.externaltools.gnu-tools-for-stm32.11.3.rel1.win32_1.1.100.202309141235/tools/bin/../lib/gcc/arm-none-eabi/11.3.1/../../../../arm-none-eabi/lib/thumb/v7-m/nofp\libc_nano.a
LOAD C:/ST/STM32CubeIDE_1.14.1/STM32CubeIDE/plugins/com.st.stm32cube.ide.mcu.externaltools.gnu-tools-for-stm32.11.3.rel1.win32_1.1.100.202309141235/tools/bin/../lib/gcc/arm-none-eabi/11.3.1/../../../../arm-none-eabi/lib/thumb/v7-m/nofp\libnosys.a
END GROUP
START GROUP
LOAD C:/ST/STM32CubeIDE_1.14.1/STM32CubeIDE/plugins/com.st.stm32cube.ide.mcu.externaltools.gnu-tools-for-stm32.11.3.rel1.win32_1.1.100.202309141235/tools/bin/../lib/gcc/arm-none-eabi/11.3.1/thumb/v7-m/nofp\libgcc.a
LOAD C:/ST/STM32CubeIDE_1.14.1/STM32CubeIDE/plugins/com.st.stm32cube.ide.mcu.externaltools.gnu-tools-for-stm32.11.3.rel1.win32_1.1.100.202309141235/tools/bin/../lib/gcc/arm-none-eabi/11.3.1/../../../../arm-none-eabi/lib/thumb/v7-m/nofp\libc_nano.a
LOAD C:/ST/STM32CubeIDE_1.14.1/STM32CubeIDE/plugins/com.st.stm32cube.ide.mcu.externaltools.gnu-tools-for-stm32.11.3.rel1.win32_1.1.100.202309141235/tools/bin/../lib/gcc/arm-none-eabi/11.3.1/../../../../arm-none-eabi/lib/thumb/v7-m/nofp\libnosys.a
END GROUP
LOAD C:/ST/STM32CubeIDE_1.14.1/STM32CubeIDE/plugins/com.st.stm32cube.ide.mcu.externaltools.gnu-tools-for-stm32.11.3.rel1.win32_1.1.100.202309141235/tools/bin/../lib/gcc/arm-none-eabi/11.3.1/thumb/v7-m/nofp/crtend.o
LOAD C:/ST/STM32CubeIDE_1.14.1/STM32CubeIDE/plugins/com.st.stm32cube.ide.mcu.externaltools.gnu-tools-for-stm32.11.3.rel1.win32_1.1.100.202309141235/tools/bin/../lib/gcc/arm-none-eabi/11.3.1/thumb/v7-m/nofp/crtn.o
                0x0000000020005000                _estack = (ORIGIN (RAM) + LENGTH (RAM))
                0x0000000000000200                _Min_Heap_Size = 0x200
                0x0000000000000400                _Min_Stack_Size = 0x400

.isr_vector     0x0000000008000000      0x10c
                0x0000000008000000                . = ALIGN (0x4)
 *(.isr_vector)
 .isr_vector    0x0000000008000000      0x10c ./Core/Startup/startup_stm32f103c8tx.o
                0x0000000008000000                g_pfnVectors
                0x000000000800010c                . = ALIGN (0x4)

.text           0x000000000800010c     0x3fa8
                0x000000000800010c                . = ALIGN (0x4)
 *(.text)
 .text          0x000000000800010c       0x40 C:/ST/STM32CubeIDE_1.14.1/STM32CubeIDE/plugins/com.st.stm32cube.ide.mcu.externaltools.gnu-tools-for-stm32.11.3.rel1.win32_1.1.100.202309141235/tools/bin/../lib/gcc/arm-none-eabi/11.3.1/thumb/v7-m/nofp/crtbegin.o
 *(.text*)
 .text.getCheckSum
                0x000000000800014c       0x42 ./Core/Src/main.o
                0x000000000800014c                getCheckSum
 *fill*         0x000000000800018e        0x2 
 .text.ReadUart
                0x0000000008000190       0x48 ./Core/Src/main.o
                0x0000000008000190                ReadUart
 .text.HAL_UART_RxCpltCallback
                0x00000000080001d8       0xe4 ./Core/Src/main.o
                0x00000000080001d8                HAL_UART_RxCpltCallback
 .text.HAL_TIM_PeriodElapsedCallback
                0x00000000080002bc       0x98 ./Core/Src/main.o
                0x00000000080002bc                HAL_TIM_PeriodElapsedCallback
 .text.HAL_TIM_PWM_PulseFinishedCallback
                0x0000000008000354       0x30 ./Core/Src/main.o
                0x0000000008000354                HAL_TIM_PWM_PulseFinishedCallback
 .text.HAL_CAN_RxFifo0MsgPendingCallback
                0x0000000008000384       0x4c ./Core/Src/main.o
                0x0000000008000384                HAL_CAN_RxFifo0MsgPendingCallback
 .text.main     0x00000000080003d0       0xcc ./Core/Src/main.o
                0x00000000080003d0                main
 .text.SystemClock_Config
                0x000000000800049c       0x8a ./Core/Src/main.o
                0x000000000800049c                SystemClock_Config
 *fill*         0x0000000008000526        0x2 
 .text.MX_CAN_Init
                0x0000000008000528       0xd8 ./Core/Src/main.o
 .text.MX_TIM1_Init
                0x0000000008000600       0xa0 ./Core/Src/main.o
 .text.MX_TIM2_Init
                0x00000000080006a0       0xa8 ./Core/Src/main.o
 .text.MX_TIM3_Init
                0x0000000008000748       0xa8 ./Core/Src/main.o
 .text.MX_TIM4_Init
                0x00000000080007f0       0x9c ./Core/Src/main.o
 .text.MX_USART1_UART_Init
                0x000000000800088c       0x54 ./Core/Src/main.o
 .text.MX_GPIO_Init
                0x00000000080008e0      0x130 ./Core/Src/main.o
 .text.Error_Handler
                0x0000000008000a10        0xa ./Core/Src/main.o
                0x0000000008000a10                Error_Handler
 *fill*         0x0000000008000a1a        0x2 
 .text.HAL_MspInit
                0x0000000008000a1c       0x68 ./Core/Src/stm32f1xx_hal_msp.o
                0x0000000008000a1c                HAL_MspInit
 .text.HAL_CAN_MspInit
                0x0000000008000a84       0xd0 ./Core/Src/stm32f1xx_hal_msp.o
                0x0000000008000a84                HAL_CAN_MspInit
 .text.HAL_TIM_Base_MspInit
                0x0000000008000b54       0x74 ./Core/Src/stm32f1xx_hal_msp.o
                0x0000000008000b54                HAL_TIM_Base_MspInit
 .text.HAL_TIM_Encoder_MspInit
                0x0000000008000bc8       0xf0 ./Core/Src/stm32f1xx_hal_msp.o
                0x0000000008000bc8                HAL_TIM_Encoder_MspInit
 .text.HAL_UART_MspInit
                0x0000000008000cb8       0xa8 ./Core/Src/stm32f1xx_hal_msp.o
                0x0000000008000cb8                HAL_UART_MspInit
 .text.NMI_Handler
                0x0000000008000d60        0x6 ./Core/Src/stm32f1xx_it.o
                0x0000000008000d60                NMI_Handler
 .text.HardFault_Handler
                0x0000000008000d66        0x6 ./Core/Src/stm32f1xx_it.o
                0x0000000008000d66                HardFault_Handler
 .text.MemManage_Handler
                0x0000000008000d6c        0x6 ./Core/Src/stm32f1xx_it.o
                0x0000000008000d6c                MemManage_Handler
 .text.BusFault_Handler
                0x0000000008000d72        0x6 ./Core/Src/stm32f1xx_it.o
                0x0000000008000d72                BusFault_Handler
 .text.UsageFault_Handler
                0x0000000008000d78        0x6 ./Core/Src/stm32f1xx_it.o
                0x0000000008000d78                UsageFault_Handler
 .text.SVC_Handler
                0x0000000008000d7e        0xc ./Core/Src/stm32f1xx_it.o
                0x0000000008000d7e                SVC_Handler
 .text.DebugMon_Handler
                0x0000000008000d8a        0xc ./Core/Src/stm32f1xx_it.o
                0x0000000008000d8a                DebugMon_Handler
 .text.PendSV_Handler
                0x0000000008000d96        0xc ./Core/Src/stm32f1xx_it.o
                0x0000000008000d96                PendSV_Handler
 .text.SysTick_Handler
                0x0000000008000da2        0xc ./Core/Src/stm32f1xx_it.o
                0x0000000008000da2                SysTick_Handler
 *fill*         0x0000000008000dae        0x2 
 .text.USB_LP_CAN1_RX0_IRQHandler
                0x0000000008000db0       0x14 ./Core/Src/stm32f1xx_it.o
                0x0000000008000db0                USB_LP_CAN1_RX0_IRQHandler
 .text.TIM1_UP_IRQHandler
                0x0000000008000dc4       0x14 ./Core/Src/stm32f1xx_it.o
                0x0000000008000dc4                TIM1_UP_IRQHandler
 .text.TIM2_IRQHandler
                0x0000000008000dd8       0x14 ./Core/Src/stm32f1xx_it.o
                0x0000000008000dd8                TIM2_IRQHandler
 .text.TIM3_IRQHandler
                0x0000000008000dec       0x14 ./Core/Src/stm32f1xx_it.o
                0x0000000008000dec                TIM3_IRQHandler
 .text.USART1_IRQHandler
                0x0000000008000e00       0x14 ./Core/Src/stm32f1xx_it.o
                0x0000000008000e00                USART1_IRQHandler
 .text.SystemInit
                0x0000000008000e14        0xc ./Core/Src/system_stm32f1xx.o
                0x0000000008000e14                SystemInit
 .text.Reset_Handler
                0x0000000008000e20       0x48 ./Core/Startup/startup_stm32f103c8tx.o
                0x0000000008000e20                Reset_Handler
 .text.Default_Handler
                0x0000000008000e68        0x2 ./Core/Startup/startup_stm32f103c8tx.o
                0x0000000008000e68                RTC_Alarm_IRQHandler
                0x0000000008000e68                EXTI2_IRQHandler
                0x0000000008000e68                TIM1_CC_IRQHandler
                0x0000000008000e68                PVD_IRQHandler
                0x0000000008000e68                EXTI3_IRQHandler
                0x0000000008000e68                EXTI0_IRQHandler
                0x0000000008000e68                I2C2_EV_IRQHandler
                0x0000000008000e68                ADC1_2_IRQHandler
                0x0000000008000e68                SPI1_IRQHandler
                0x0000000008000e68                TAMPER_IRQHandler
                0x0000000008000e68                DMA1_Channel4_IRQHandler
                0x0000000008000e68                USART3_IRQHandler
                0x0000000008000e68                RTC_IRQHandler
                0x0000000008000e68                DMA1_Channel7_IRQHandler
                0x0000000008000e68                CAN1_RX1_IRQHandler
                0x0000000008000e68                TIM4_IRQHandler
                0x0000000008000e68                I2C1_EV_IRQHandler
                0x0000000008000e68                DMA1_Channel6_IRQHandler
                0x0000000008000e68                RCC_IRQHandler
                0x0000000008000e68                TIM1_TRG_COM_IRQHandler
                0x0000000008000e68                DMA1_Channel1_IRQHandler
                0x0000000008000e68                Default_Handler
                0x0000000008000e68                EXTI15_10_IRQHandler
                0x0000000008000e68                EXTI9_5_IRQHandler
                0x0000000008000e68                SPI2_IRQHandler
                0x0000000008000e68                DMA1_Channel5_IRQHandler
                0x0000000008000e68                EXTI4_IRQHandler
                0x0000000008000e68                USB_HP_CAN1_TX_IRQHandler
                0x0000000008000e68                DMA1_Channel3_IRQHandler
                0x0000000008000e68                WWDG_IRQHandler
                0x0000000008000e68                TIM1_BRK_IRQHandler
                0x0000000008000e68                EXTI1_IRQHandler
                0x0000000008000e68                USART2_IRQHandler
                0x0000000008000e68                I2C2_ER_IRQHandler
                0x0000000008000e68                DMA1_Channel2_IRQHandler
                0x0000000008000e68                CAN1_SCE_IRQHandler
                0x0000000008000e68                FLASH_IRQHandler
                0x0000000008000e68                I2C1_ER_IRQHandler
                0x0000000008000e68                USBWakeUp_IRQHandler
 *fill*         0x0000000008000e6a        0x2 
 .text.HAL_Init
                0x0000000008000e6c       0x2c ./Drivers/STM32F1xx_HAL_Driver/Src/stm32f1xx_hal.o
                0x0000000008000e6c                HAL_Init
 .text.HAL_InitTick
                0x0000000008000e98       0x60 ./Drivers/STM32F1xx_HAL_Driver/Src/stm32f1xx_hal.o
                0x0000000008000e98                HAL_InitTick
 .text.HAL_IncTick
                0x0000000008000ef8       0x24 ./Drivers/STM32F1xx_HAL_Driver/Src/stm32f1xx_hal.o
                0x0000000008000ef8                HAL_IncTick
 .text.HAL_GetTick
                0x0000000008000f1c       0x14 ./Drivers/STM32F1xx_HAL_Driver/Src/stm32f1xx_hal.o
                0x0000000008000f1c                HAL_GetTick
 .text.HAL_Delay
                0x0000000008000f30       0x48 ./Drivers/STM32F1xx_HAL_Driver/Src/stm32f1xx_hal.o
                0x0000000008000f30                HAL_Delay
 .text.HAL_CAN_Init
                0x0000000008000f78      0x1f6 ./Drivers/STM32F1xx_HAL_Driver/Src/stm32f1xx_hal_can.o
                0x0000000008000f78                HAL_CAN_Init
 .text.HAL_CAN_ConfigFilter
                0x000000000800116e      0x192 ./Drivers/STM32F1xx_HAL_Driver/Src/stm32f1xx_hal_can.o
                0x000000000800116e                HAL_CAN_ConfigFilter
 .text.HAL_CAN_Start
                0x0000000008001300       0x88 ./Drivers/STM32F1xx_HAL_Driver/Src/stm32f1xx_hal_can.o
                0x0000000008001300                HAL_CAN_Start
 .text.HAL_CAN_GetRxMessage
                0x0000000008001388      0x242 ./Drivers/STM32F1xx_HAL_Driver/Src/stm32f1xx_hal_can.o
                0x0000000008001388                HAL_CAN_GetRxMessage
 .text.HAL_CAN_ActivateNotification
                0x00000000080015ca       0x4a ./Drivers/STM32F1xx_HAL_Driver/Src/stm32f1xx_hal_can.o
                0x00000000080015ca                HAL_CAN_ActivateNotification
 .text.HAL_CAN_IRQHandler
                0x0000000008001614      0x36e ./Drivers/STM32F1xx_HAL_Driver/Src/stm32f1xx_hal_can.o
                0x0000000008001614                HAL_CAN_IRQHandler
 .text.HAL_CAN_TxMailbox0CompleteCallback
                0x0000000008001982       0x12 ./Drivers/STM32F1xx_HAL_Driver/Src/stm32f1xx_hal_can.o
                0x0000000008001982                HAL_CAN_TxMailbox0CompleteCallback
 .text.HAL_CAN_TxMailbox1CompleteCallback
                0x0000000008001994       0x12 ./Drivers/STM32F1xx_HAL_Driver/Src/stm32f1xx_hal_can.o
                0x0000000008001994                HAL_CAN_TxMailbox1CompleteCallback
 .text.HAL_CAN_TxMailbox2CompleteCallback
                0x00000000080019a6       0x12 ./Drivers/STM32F1xx_HAL_Driver/Src/stm32f1xx_hal_can.o
                0x00000000080019a6                HAL_CAN_TxMailbox2CompleteCallback
 .text.HAL_CAN_TxMailbox0AbortCallback
                0x00000000080019b8       0x12 ./Drivers/STM32F1xx_HAL_Driver/Src/stm32f1xx_hal_can.o
                0x00000000080019b8                HAL_CAN_TxMailbox0AbortCallback
 .text.HAL_CAN_TxMailbox1AbortCallback
                0x00000000080019ca       0x12 ./Drivers/STM32F1xx_HAL_Driver/Src/stm32f1xx_hal_can.o
                0x00000000080019ca                HAL_CAN_TxMailbox1AbortCallback
 .text.HAL_CAN_TxMailbox2AbortCallback
                0x00000000080019dc       0x12 ./Drivers/STM32F1xx_HAL_Driver/Src/stm32f1xx_hal_can.o
                0x00000000080019dc                HAL_CAN_TxMailbox2AbortCallback
 .text.HAL_CAN_RxFifo0FullCallback
                0x00000000080019ee       0x12 ./Drivers/STM32F1xx_HAL_Driver/Src/stm32f1xx_hal_can.o
                0x00000000080019ee                HAL_CAN_RxFifo0FullCallback
 .text.HAL_CAN_RxFifo1MsgPendingCallback
                0x0000000008001a00       0x12 ./Drivers/STM32F1xx_HAL_Driver/Src/stm32f1xx_hal_can.o
                0x0000000008001a00                HAL_CAN_RxFifo1MsgPendingCallback
 .text.HAL_CAN_RxFifo1FullCallback
                0x0000000008001a12       0x12 ./Drivers/STM32F1xx_HAL_Driver/Src/stm32f1xx_hal_can.o
                0x0000000008001a12                HAL_CAN_RxFifo1FullCallback
 .text.HAL_CAN_SleepCallback
                0x0000000008001a24       0x12 ./Drivers/STM32F1xx_HAL_Driver/Src/stm32f1xx_hal_can.o
                0x0000000008001a24                HAL_CAN_SleepCallback
 .text.HAL_CAN_WakeUpFromRxMsgCallback
                0x0000000008001a36       0x12 ./Drivers/STM32F1xx_HAL_Driver/Src/stm32f1xx_hal_can.o
                0x0000000008001a36                HAL_CAN_WakeUpFromRxMsgCallback
 .text.HAL_CAN_ErrorCallback
                0x0000000008001a48       0x12 ./Drivers/STM32F1xx_HAL_Driver/Src/stm32f1xx_hal_can.o
                0x0000000008001a48                HAL_CAN_ErrorCallback
 *fill*         0x0000000008001a5a        0x2 
 .text.__NVIC_SetPriorityGrouping
                0x0000000008001a5c       0x48 ./Drivers/STM32F1xx_HAL_Driver/Src/stm32f1xx_hal_cortex.o
 .text.__NVIC_GetPriorityGrouping
                0x0000000008001aa4       0x1c ./Drivers/STM32F1xx_HAL_Driver/Src/stm32f1xx_hal_cortex.o
 .text.__NVIC_EnableIRQ
                0x0000000008001ac0       0x38 ./Drivers/STM32F1xx_HAL_Driver/Src/stm32f1xx_hal_cortex.o
 .text.__NVIC_SetPriority
                0x0000000008001af8       0x54 ./Drivers/STM32F1xx_HAL_Driver/Src/stm32f1xx_hal_cortex.o
 .text.NVIC_EncodePriority
                0x0000000008001b4c       0x64 ./Drivers/STM32F1xx_HAL_Driver/Src/stm32f1xx_hal_cortex.o
 .text.SysTick_Config
                0x0000000008001bb0       0x44 ./Drivers/STM32F1xx_HAL_Driver/Src/stm32f1xx_hal_cortex.o
 .text.HAL_NVIC_SetPriorityGrouping
                0x0000000008001bf4       0x16 ./Drivers/STM32F1xx_HAL_Driver/Src/stm32f1xx_hal_cortex.o
                0x0000000008001bf4                HAL_NVIC_SetPriorityGrouping
 .text.HAL_NVIC_SetPriority
                0x0000000008001c0a       0x38 ./Drivers/STM32F1xx_HAL_Driver/Src/stm32f1xx_hal_cortex.o
                0x0000000008001c0a                HAL_NVIC_SetPriority
 .text.HAL_NVIC_EnableIRQ
                0x0000000008001c42       0x1c ./Drivers/STM32F1xx_HAL_Driver/Src/stm32f1xx_hal_cortex.o
                0x0000000008001c42                HAL_NVIC_EnableIRQ
 .text.HAL_SYSTICK_Config
                0x0000000008001c5e       0x18 ./Drivers/STM32F1xx_HAL_Driver/Src/stm32f1xx_hal_cortex.o
                0x0000000008001c5e                HAL_SYSTICK_Config
 .text.HAL_DMA_Abort
                0x0000000008001c76       0x76 ./Drivers/STM32F1xx_HAL_Driver/Src/stm32f1xx_hal_dma.o
                0x0000000008001c76                HAL_DMA_Abort
 .text.HAL_DMA_Abort_IT
                0x0000000008001cec       0xf0 ./Drivers/STM32F1xx_HAL_Driver/Src/stm32f1xx_hal_dma.o
                0x0000000008001cec                HAL_DMA_Abort_IT
 .text.HAL_GPIO_Init
                0x0000000008001ddc      0x308 ./Drivers/STM32F1xx_HAL_Driver/Src/stm32f1xx_hal_gpio.o
                0x0000000008001ddc                HAL_GPIO_Init
 .text.HAL_GPIO_WritePin
                0x00000000080020e4       0x30 ./Drivers/STM32F1xx_HAL_Driver/Src/stm32f1xx_hal_gpio.o
                0x00000000080020e4                HAL_GPIO_WritePin
 .text.HAL_GPIO_TogglePin
                0x0000000008002114       0x32 ./Drivers/STM32F1xx_HAL_Driver/Src/stm32f1xx_hal_gpio.o
                0x0000000008002114                HAL_GPIO_TogglePin
 *fill*         0x0000000008002146        0x2 
 .text.HAL_RCC_OscConfig
                0x0000000008002148      0x504 ./Drivers/STM32F1xx_HAL_Driver/Src/stm32f1xx_hal_rcc.o
                0x0000000008002148                HAL_RCC_OscConfig
 .text.HAL_RCC_ClockConfig
                0x000000000800264c      0x1d4 ./Drivers/STM32F1xx_HAL_Driver/Src/stm32f1xx_hal_rcc.o
                0x000000000800264c                HAL_RCC_ClockConfig
 .text.HAL_RCC_GetSysClockFreq
                0x0000000008002820       0xa8 ./Drivers/STM32F1xx_HAL_Driver/Src/stm32f1xx_hal_rcc.o
                0x0000000008002820                HAL_RCC_GetSysClockFreq
 .text.HAL_RCC_GetHCLKFreq
                0x00000000080028c8       0x14 ./Drivers/STM32F1xx_HAL_Driver/Src/stm32f1xx_hal_rcc.o
                0x00000000080028c8                HAL_RCC_GetHCLKFreq
 .text.HAL_RCC_GetPCLK1Freq
                0x00000000080028dc       0x28 ./Drivers/STM32F1xx_HAL_Driver/Src/stm32f1xx_hal_rcc.o
                0x00000000080028dc                HAL_RCC_GetPCLK1Freq
 .text.HAL_RCC_GetPCLK2Freq
                0x0000000008002904       0x28 ./Drivers/STM32F1xx_HAL_Driver/Src/stm32f1xx_hal_rcc.o
                0x0000000008002904                HAL_RCC_GetPCLK2Freq
 .text.RCC_Delay
                0x000000000800292c       0x3c ./Drivers/STM32F1xx_HAL_Driver/Src/stm32f1xx_hal_rcc.o
 .text.HAL_TIM_Base_Init
                0x0000000008002968       0x9e ./Drivers/STM32F1xx_HAL_Driver/Src/stm32f1xx_hal_tim.o
                0x0000000008002968                HAL_TIM_Base_Init
 *fill*         0x0000000008002a06        0x2 
 .text.HAL_TIM_Base_Start
                0x0000000008002a08       0x94 ./Drivers/STM32F1xx_HAL_Driver/Src/stm32f1xx_hal_tim.o
                0x0000000008002a08                HAL_TIM_Base_Start
 .text.HAL_TIM_Base_Start_IT
                0x0000000008002a9c       0xa4 ./Drivers/STM32F1xx_HAL_Driver/Src/stm32f1xx_hal_tim.o
                0x0000000008002a9c                HAL_TIM_Base_Start_IT
 .text.HAL_TIM_Encoder_Init
                0x0000000008002b40      0x144 ./Drivers/STM32F1xx_HAL_Driver/Src/stm32f1xx_hal_tim.o
                0x0000000008002b40                HAL_TIM_Encoder_Init
 .text.HAL_TIM_Encoder_Start_IT
                0x0000000008002c84      0x15c ./Drivers/STM32F1xx_HAL_Driver/Src/stm32f1xx_hal_tim.o
                0x0000000008002c84                HAL_TIM_Encoder_Start_IT
 .text.HAL_TIM_IRQHandler
                0x0000000008002de0      0x210 ./Drivers/STM32F1xx_HAL_Driver/Src/stm32f1xx_hal_tim.o
                0x0000000008002de0                HAL_TIM_IRQHandler
 .text.HAL_TIM_ConfigClockSource
                0x0000000008002ff0      0x18e ./Drivers/STM32F1xx_HAL_Driver/Src/stm32f1xx_hal_tim.o
                0x0000000008002ff0                HAL_TIM_ConfigClockSource
 .text.HAL_TIM_OC_DelayElapsedCallback
                0x000000000800317e       0x12 ./Drivers/STM32F1xx_HAL_Driver/Src/stm32f1xx_hal_tim.o
                0x000000000800317e                HAL_TIM_OC_DelayElapsedCallback
 .text.HAL_TIM_IC_CaptureCallback
                0x0000000008003190       0x12 ./Drivers/STM32F1xx_HAL_Driver/Src/stm32f1xx_hal_tim.o
                0x0000000008003190                HAL_TIM_IC_CaptureCallback
 .text.HAL_TIM_TriggerCallback
                0x00000000080031a2       0x12 ./Drivers/STM32F1xx_HAL_Driver/Src/stm32f1xx_hal_tim.o
                0x00000000080031a2                HAL_TIM_TriggerCallback
 .text.TIM_Base_SetConfig
                0x00000000080031b4       0xc4 ./Drivers/STM32F1xx_HAL_Driver/Src/stm32f1xx_hal_tim.o
                0x00000000080031b4                TIM_Base_SetConfig
 .text.TIM_TI1_ConfigInputStage
                0x0000000008003278       0x5c ./Drivers/STM32F1xx_HAL_Driver/Src/stm32f1xx_hal_tim.o
 .text.TIM_TI2_ConfigInputStage
                0x00000000080032d4       0x5e ./Drivers/STM32F1xx_HAL_Driver/Src/stm32f1xx_hal_tim.o
 .text.TIM_ITRx_SetConfig
                0x0000000008003332       0x34 ./Drivers/STM32F1xx_HAL_Driver/Src/stm32f1xx_hal_tim.o
 .text.TIM_ETR_SetConfig
                0x0000000008003366       0x3e ./Drivers/STM32F1xx_HAL_Driver/Src/stm32f1xx_hal_tim.o
                0x0000000008003366                TIM_ETR_SetConfig
 .text.TIM_CCxChannelCmd
                0x00000000080033a4       0x48 ./Drivers/STM32F1xx_HAL_Driver/Src/stm32f1xx_hal_tim.o
                0x00000000080033a4                TIM_CCxChannelCmd
 .text.HAL_TIMEx_MasterConfigSynchronization
                0x00000000080033ec       0xbc ./Drivers/STM32F1xx_HAL_Driver/Src/stm32f1xx_hal_tim_ex.o
                0x00000000080033ec                HAL_TIMEx_MasterConfigSynchronization
 .text.HAL_TIMEx_CommutCallback
                0x00000000080034a8       0x12 ./Drivers/STM32F1xx_HAL_Driver/Src/stm32f1xx_hal_tim_ex.o
                0x00000000080034a8                HAL_TIMEx_CommutCallback
 .text.HAL_TIMEx_BreakCallback
                0x00000000080034ba       0x12 ./Drivers/STM32F1xx_HAL_Driver/Src/stm32f1xx_hal_tim_ex.o
                0x00000000080034ba                HAL_TIMEx_BreakCallback
 .text.HAL_UART_Init
                0x00000000080034cc       0xa0 ./Drivers/STM32F1xx_HAL_Driver/Src/stm32f1xx_hal_uart.o
                0x00000000080034cc                HAL_UART_Init
 .text.HAL_UART_Transmit_IT
                0x000000000800356c       0x6a ./Drivers/STM32F1xx_HAL_Driver/Src/stm32f1xx_hal_uart.o
                0x000000000800356c                HAL_UART_Transmit_IT
 .text.HAL_UART_Receive_IT
                0x00000000080035d6       0x4a ./Drivers/STM32F1xx_HAL_Driver/Src/stm32f1xx_hal_uart.o
                0x00000000080035d6                HAL_UART_Receive_IT
 .text.HAL_UART_IRQHandler
                0x0000000008003620      0x524 ./Drivers/STM32F1xx_HAL_Driver/Src/stm32f1xx_hal_uart.o
                0x0000000008003620                HAL_UART_IRQHandler
 .text.HAL_UART_TxCpltCallback
                0x0000000008003b44       0x12 ./Drivers/STM32F1xx_HAL_Driver/Src/stm32f1xx_hal_uart.o
                0x0000000008003b44                HAL_UART_TxCpltCallback
 .text.HAL_UART_ErrorCallback
                0x0000000008003b56       0x12 ./Drivers/STM32F1xx_HAL_Driver/Src/stm32f1xx_hal_uart.o
                0x0000000008003b56                HAL_UART_ErrorCallback
 .text.HAL_UARTEx_RxEventCallback
                0x0000000008003b68       0x16 ./Drivers/STM32F1xx_HAL_Driver/Src/stm32f1xx_hal_uart.o
                0x0000000008003b68                HAL_UARTEx_RxEventCallback
 .text.UART_Start_Receive_IT
                0x0000000008003b7e       0x72 ./Drivers/STM32F1xx_HAL_Driver/Src/stm32f1xx_hal_uart.o
                0x0000000008003b7e                UART_Start_Receive_IT
 .text.UART_EndRxTransfer
                0x0000000008003bf0       0xc4 ./Drivers/STM32F1xx_HAL_Driver/Src/stm32f1xx_hal_uart.o
 .text.UART_DMAAbortOnError
                0x0000000008003cb4       0x28 ./Drivers/STM32F1xx_HAL_Driver/Src/stm32f1xx_hal_uart.o
 .text.UART_Transmit_IT
                0x0000000008003cdc       0x9e ./Drivers/STM32F1xx_HAL_Driver/Src/stm32f1xx_hal_uart.o
 .text.UART_EndTransmit_IT
                0x0000000008003d7a       0x30 ./Drivers/STM32F1xx_HAL_Driver/Src/stm32f1xx_hal_uart.o
 .text.UART_Receive_IT
                0x0000000008003daa      0x17c ./Drivers/STM32F1xx_HAL_Driver/Src/stm32f1xx_hal_uart.o
 *fill*         0x0000000008003f26        0x2 
 .text.UART_SetConfig
                0x0000000008003f28      0x11c ./Drivers/STM32F1xx_HAL_Driver/Src/stm32f1xx_hal_uart.o
 .text.memset   0x0000000008004044       0x10 C:/ST/STM32CubeIDE_1.14.1/STM32CubeIDE/plugins/com.st.stm32cube.ide.mcu.externaltools.gnu-tools-for-stm32.11.3.rel1.win32_1.1.100.202309141235/tools/bin/../lib/gcc/arm-none-eabi/11.3.1/../../../../arm-none-eabi/lib/thumb/v7-m/nofp\libc_nano.a(libc_a-memset.o)
                0x0000000008004044                memset
 .text.__libc_init_array
                0x0000000008004054       0x48 C:/ST/STM32CubeIDE_1.14.1/STM32CubeIDE/plugins/com.st.stm32cube.ide.mcu.externaltools.gnu-tools-for-stm32.11.3.rel1.win32_1.1.100.202309141235/tools/bin/../lib/gcc/arm-none-eabi/11.3.1/../../../../arm-none-eabi/lib/thumb/v7-m/nofp\libc_nano.a(libc_a-init.o)
                0x0000000008004054                __libc_init_array
 *(.glue_7)
 .glue_7        0x000000000800409c        0x0 linker stubs
 *(.glue_7t)
 .glue_7t       0x000000000800409c        0x0 linker stubs
 *(.eh_frame)
 .eh_frame      0x000000000800409c        0x0 C:/ST/STM32CubeIDE_1.14.1/STM32CubeIDE/plugins/com.st.stm32cube.ide.mcu.externaltools.gnu-tools-for-stm32.11.3.rel1.win32_1.1.100.202309141235/tools/bin/../lib/gcc/arm-none-eabi/11.3.1/thumb/v7-m/nofp/crtbegin.o
 *(.init)
 .init          0x000000000800409c        0x4 C:/ST/STM32CubeIDE_1.14.1/STM32CubeIDE/plugins/com.st.stm32cube.ide.mcu.externaltools.gnu-tools-for-stm32.11.3.rel1.win32_1.1.100.202309141235/tools/bin/../lib/gcc/arm-none-eabi/11.3.1/thumb/v7-m/nofp/crti.o
                0x000000000800409c                _init
 .init          0x00000000080040a0        0x8 C:/ST/STM32CubeIDE_1.14.1/STM32CubeIDE/plugins/com.st.stm32cube.ide.mcu.externaltools.gnu-tools-for-stm32.11.3.rel1.win32_1.1.100.202309141235/tools/bin/../lib/gcc/arm-none-eabi/11.3.1/thumb/v7-m/nofp/crtn.o
 *(.fini)
 .fini          0x00000000080040a8        0x4 C:/ST/STM32CubeIDE_1.14.1/STM32CubeIDE/plugins/com.st.stm32cube.ide.mcu.externaltools.gnu-tools-for-stm32.11.3.rel1.win32_1.1.100.202309141235/tools/bin/../lib/gcc/arm-none-eabi/11.3.1/thumb/v7-m/nofp/crti.o
                0x00000000080040a8                _fini
 .fini          0x00000000080040ac        0x8 C:/ST/STM32CubeIDE_1.14.1/STM32CubeIDE/plugins/com.st.stm32cube.ide.mcu.externaltools.gnu-tools-for-stm32.11.3.rel1.win32_1.1.100.202309141235/tools/bin/../lib/gcc/arm-none-eabi/11.3.1/thumb/v7-m/nofp/crtn.o
                0x00000000080040b4                . = ALIGN (0x4)
                0x00000000080040b4                _etext = .

.vfp11_veneer   0x00000000080040b4        0x0
 .vfp11_veneer  0x00000000080040b4        0x0 linker stubs

.v4_bx          0x00000000080040b4        0x0
 .v4_bx         0x00000000080040b4        0x0 linker stubs

.iplt           0x00000000080040b4        0x0
 .iplt          0x00000000080040b4        0x0 C:/ST/STM32CubeIDE_1.14.1/STM32CubeIDE/plugins/com.st.stm32cube.ide.mcu.externaltools.gnu-tools-for-stm32.11.3.rel1.win32_1.1.100.202309141235/tools/bin/../lib/gcc/arm-none-eabi/11.3.1/thumb/v7-m/nofp/crtbegin.o

.rodata         0x00000000080040b4       0x2c
                0x00000000080040b4                . = ALIGN (0x4)
 *(.rodata)
 *(.rodata*)
 .rodata.AHBPrescTable
                0x00000000080040b4       0x10 ./Core/Src/system_stm32f1xx.o
                0x00000000080040b4                AHBPrescTable
 .rodata.APBPrescTable
                0x00000000080040c4        0x8 ./Core/Src/system_stm32f1xx.o
                0x00000000080040c4                APBPrescTable
 .rodata.aPLLMULFactorTable.1
                0x00000000080040cc       0x10 ./Drivers/STM32F1xx_HAL_Driver/Src/stm32f1xx_hal_rcc.o
 .rodata.aPredivFactorTable.0
                0x00000000080040dc        0x2 ./Drivers/STM32F1xx_HAL_Driver/Src/stm32f1xx_hal_rcc.o
                0x00000000080040e0                . = ALIGN (0x4)
 *fill*         0x00000000080040de        0x2 

.rel.dyn        0x00000000080040e0        0x0
 .rel.iplt      0x00000000080040e0        0x0 C:/ST/STM32CubeIDE_1.14.1/STM32CubeIDE/plugins/com.st.stm32cube.ide.mcu.externaltools.gnu-tools-for-stm32.11.3.rel1.win32_1.1.100.202309141235/tools/bin/../lib/gcc/arm-none-eabi/11.3.1/thumb/v7-m/nofp/crtbegin.o

.ARM.extab      0x00000000080040e0        0x0
                0x00000000080040e0                . = ALIGN (0x4)
 *(.ARM.extab* .gnu.linkonce.armextab.*)
                0x00000000080040e0                . = ALIGN (0x4)

.ARM            0x00000000080040e0        0x0
                0x00000000080040e0                . = ALIGN (0x4)
                0x00000000080040e0                __exidx_start = .
 *(.ARM.exidx*)
                0x00000000080040e0                __exidx_end = .
                0x00000000080040e0                . = ALIGN (0x4)

.preinit_array  0x00000000080040e0        0x0
                0x00000000080040e0                . = ALIGN (0x4)
                0x00000000080040e0                PROVIDE (__preinit_array_start = .)
 *(.preinit_array*)
                0x00000000080040e0                PROVIDE (__preinit_array_end = .)
                0x00000000080040e0                . = ALIGN (0x4)

.init_array     0x00000000080040e0        0x4
                0x00000000080040e0                . = ALIGN (0x4)
                0x00000000080040e0                PROVIDE (__init_array_start = .)
 *(SORT_BY_NAME(.init_array.*))
 *(.init_array*)
 .init_array    0x00000000080040e0        0x4 C:/ST/STM32CubeIDE_1.14.1/STM32CubeIDE/plugins/com.st.stm32cube.ide.mcu.externaltools.gnu-tools-for-stm32.11.3.rel1.win32_1.1.100.202309141235/tools/bin/../lib/gcc/arm-none-eabi/11.3.1/thumb/v7-m/nofp/crtbegin.o
                0x00000000080040e4                PROVIDE (__init_array_end = .)
                0x00000000080040e4                . = ALIGN (0x4)

.fini_array     0x00000000080040e4        0x4
                0x00000000080040e4                . = ALIGN (0x4)
                [!provide]                        PROVIDE (__fini_array_start = .)
 *(SORT_BY_NAME(.fini_array.*))
 *(.fini_array*)
 .fini_array    0x00000000080040e4        0x4 C:/ST/STM32CubeIDE_1.14.1/STM32CubeIDE/plugins/com.st.stm32cube.ide.mcu.externaltools.gnu-tools-for-stm32.11.3.rel1.win32_1.1.100.202309141235/tools/bin/../lib/gcc/arm-none-eabi/11.3.1/thumb/v7-m/nofp/crtbegin.o
                [!provide]                        PROVIDE (__fini_array_end = .)
                0x00000000080040e8                . = ALIGN (0x4)
                0x00000000080040e8                _sidata = LOADADDR (.data)

.data           0x0000000020000000       0x10 load address 0x00000000080040e8
                0x0000000020000000                . = ALIGN (0x4)
                0x0000000020000000                _sdata = .
 *(.data)
 *(.data*)
 .data.flag_stateUart
                0x0000000020000000        0x1 ./Core/Src/main.o
                0x0000000020000000                flag_stateUart
 *fill*         0x0000000020000001        0x3 
 .data.SystemCoreClock
                0x0000000020000004        0x4 ./Core/Src/system_stm32f1xx.o
                0x0000000020000004                SystemCoreClock
 .data.uwTickPrio
                0x0000000020000008        0x4 ./Drivers/STM32F1xx_HAL_Driver/Src/stm32f1xx_hal.o
                0x0000000020000008                uwTickPrio
 .data.uwTickFreq
                0x000000002000000c        0x1 ./Drivers/STM32F1xx_HAL_Driver/Src/stm32f1xx_hal.o
                0x000000002000000c                uwTickFreq
 *(.RamFunc)
 *(.RamFunc*)
                0x0000000020000010                . = ALIGN (0x4)
 *fill*         0x000000002000000d        0x3 
                0x0000000020000010                _edata = .

.igot.plt       0x0000000020000010        0x0 load address 0x00000000080040f8
 .igot.plt      0x0000000020000010        0x0 C:/ST/STM32CubeIDE_1.14.1/STM32CubeIDE/plugins/com.st.stm32cube.ide.mcu.externaltools.gnu-tools-for-stm32.11.3.rel1.win32_1.1.100.202309141235/tools/bin/../lib/gcc/arm-none-eabi/11.3.1/thumb/v7-m/nofp/crtbegin.o
                0x0000000020000010                . = ALIGN (0x4)

.bss            0x0000000020000010      0x234 load address 0x00000000080040f8
                0x0000000020000010                _sbss = .
                0x0000000020000010                __bss_start__ = _sbss
 *(.bss)
 .bss           0x0000000020000010       0x1c C:/ST/STM32CubeIDE_1.14.1/STM32CubeIDE/plugins/com.st.stm32cube.ide.mcu.externaltools.gnu-tools-for-stm32.11.3.rel1.win32_1.1.100.202309141235/tools/bin/../lib/gcc/arm-none-eabi/11.3.1/thumb/v7-m/nofp/crtbegin.o
 *(.bss*)
 .bss.TX_CAN_HEADER
                0x000000002000002c       0x18 ./Core/Src/main.o
                0x000000002000002c                TX_CAN_HEADER
 .bss.RX_CAN_HEADER
                0x0000000020000044       0x1c ./Core/Src/main.o
                0x0000000020000044                RX_CAN_HEADER
 .bss.canfilterconfig
                0x0000000020000060       0x28 ./Core/Src/main.o
                0x0000000020000060                canfilterconfig
 .bss.TxDataUart
                0x0000000020000088        0x4 ./Core/Src/main.o
                0x0000000020000088                TxDataUart
 .bss.RxDataUart
                0x000000002000008c        0xa ./Core/Src/main.o
                0x000000002000008c                RxDataUart
 .bss.countCallEncoderSTP
                0x0000000020000096        0x1 ./Core/Src/main.o
                0x0000000020000096                countCallEncoderSTP
 *fill*         0x0000000020000097        0x1 
 .bss.sign      0x0000000020000098        0x4 ./Core/Src/main.o
                0x0000000020000098                sign
 .bss.flag_readUartData
                0x000000002000009c        0x1 ./Core/Src/main.o
                0x000000002000009c                flag_readUartData
 *fill*         0x000000002000009d        0x3 
 .bss.CAN_Data_Rx
                0x00000000200000a0        0x8 ./Core/Src/main.o
                0x00000000200000a0                CAN_Data_Rx
 .bss.Check_Data
                0x00000000200000a8        0x1 ./Core/Src/main.o
                0x00000000200000a8                Check_Data
 .bss.flag_timer1
                0x00000000200000a9        0x1 ./Core/Src/main.o
                0x00000000200000a9                flag_timer1
 .bss.flag_enable_send
                0x00000000200000aa        0x1 ./Core/Src/main.o
                0x00000000200000aa                flag_enable_send
 .bss.countSampleTime
                0x00000000200000ab        0x1 ./Core/Src/main.o
                0x00000000200000ab                countSampleTime
 .bss.countSendData
                0x00000000200000ac        0x1 ./Core/Src/main.o
                0x00000000200000ac                countSendData
 *fill*         0x00000000200000ad        0x1 
 .bss.ExternalPulse
                0x00000000200000ae        0x2 ./Core/Src/main.o
                0x00000000200000ae                ExternalPulse
 .bss.hcan      0x00000000200000b0       0x28 ./Core/Src/main.o
                0x00000000200000b0                hcan
 .bss.htim1     0x00000000200000d8       0x48 ./Core/Src/main.o
                0x00000000200000d8                htim1
 .bss.htim2     0x0000000020000120       0x48 ./Core/Src/main.o
                0x0000000020000120                htim2
 .bss.htim3     0x0000000020000168       0x48 ./Core/Src/main.o
                0x0000000020000168                htim3
 .bss.htim4     0x00000000200001b0       0x48 ./Core/Src/main.o
                0x00000000200001b0                htim4
 .bss.huart1    0x00000000200001f8       0x48 ./Core/Src/main.o
                0x00000000200001f8                huart1
 .bss.uwTick    0x0000000020000240        0x4 ./Drivers/STM32F1xx_HAL_Driver/Src/stm32f1xx_hal.o
                0x0000000020000240                uwTick
 *(COMMON)
                0x0000000020000244                . = ALIGN (0x4)
                0x0000000020000244                _ebss = .
                0x0000000020000244                __bss_end__ = _ebss

._user_heap_stack
                0x0000000020000244      0x604 load address 0x00000000080040f8
                0x0000000020000248                . = ALIGN (0x8)
 *fill*         0x0000000020000244        0x4 
                [!provide]                        PROVIDE (end = .)
                0x0000000020000248                PROVIDE (_end = .)
                0x0000000020000448                . = (. + _Min_Heap_Size)
 *fill*         0x0000000020000248      0x200 
                0x0000000020000848                . = (. + _Min_Stack_Size)
 *fill*         0x0000000020000448      0x400 
                0x0000000020000848                . = ALIGN (0x8)

/DISCARD/
 libc.a(*)
 libm.a(*)
 libgcc.a(*)

.ARM.attributes
                0x0000000000000000       0x29
 *(.ARM.attributes)
 .ARM.attributes
                0x0000000000000000       0x1d C:/ST/STM32CubeIDE_1.14.1/STM32CubeIDE/plugins/com.st.stm32cube.ide.mcu.externaltools.gnu-tools-for-stm32.11.3.rel1.win32_1.1.100.202309141235/tools/bin/../lib/gcc/arm-none-eabi/11.3.1/thumb/v7-m/nofp/crti.o
 .ARM.attributes
                0x000000000000001d       0x2d C:/ST/STM32CubeIDE_1.14.1/STM32CubeIDE/plugins/com.st.stm32cube.ide.mcu.externaltools.gnu-tools-for-stm32.11.3.rel1.win32_1.1.100.202309141235/tools/bin/../lib/gcc/arm-none-eabi/11.3.1/thumb/v7-m/nofp/crtbegin.o
 .ARM.attributes
                0x000000000000004a       0x2d ./Core/Src/main.o
 .ARM.attributes
                0x0000000000000077       0x2d ./Core/Src/stm32f1xx_hal_msp.o
 .ARM.attributes
                0x00000000000000a4       0x2d ./Core/Src/stm32f1xx_it.o
 .ARM.attributes
                0x00000000000000d1       0x2d ./Core/Src/system_stm32f1xx.o
 .ARM.attributes
                0x00000000000000fe       0x21 ./Core/Startup/startup_stm32f103c8tx.o
 .ARM.attributes
                0x000000000000011f       0x2d ./Drivers/STM32F1xx_HAL_Driver/Src/stm32f1xx_hal.o
 .ARM.attributes
                0x000000000000014c       0x2d ./Drivers/STM32F1xx_HAL_Driver/Src/stm32f1xx_hal_can.o
 .ARM.attributes
                0x0000000000000179       0x2d ./Drivers/STM32F1xx_HAL_Driver/Src/stm32f1xx_hal_cortex.o
 .ARM.attributes
                0x00000000000001a6       0x2d ./Drivers/STM32F1xx_HAL_Driver/Src/stm32f1xx_hal_dma.o
 .ARM.attributes
                0x00000000000001d3       0x2d ./Drivers/STM32F1xx_HAL_Driver/Src/stm32f1xx_hal_gpio.o
 .ARM.attributes
                0x0000000000000200       0x2d ./Drivers/STM32F1xx_HAL_Driver/Src/stm32f1xx_hal_rcc.o
 .ARM.attributes
                0x000000000000022d       0x2d ./Drivers/STM32F1xx_HAL_Driver/Src/stm32f1xx_hal_tim.o
 .ARM.attributes
                0x000000000000025a       0x2d ./Drivers/STM32F1xx_HAL_Driver/Src/stm32f1xx_hal_tim_ex.o
 .ARM.attributes
                0x0000000000000287       0x2d ./Drivers/STM32F1xx_HAL_Driver/Src/stm32f1xx_hal_uart.o
 .ARM.attributes
                0x00000000000002b4       0x2d C:/ST/STM32CubeIDE_1.14.1/STM32CubeIDE/plugins/com.st.stm32cube.ide.mcu.externaltools.gnu-tools-for-stm32.11.3.rel1.win32_1.1.100.202309141235/tools/bin/../lib/gcc/arm-none-eabi/11.3.1/../../../../arm-none-eabi/lib/thumb/v7-m/nofp\libc_nano.a(libc_a-memset.o)
 .ARM.attributes
                0x00000000000002e1       0x2d C:/ST/STM32CubeIDE_1.14.1/STM32CubeIDE/plugins/com.st.stm32cube.ide.mcu.externaltools.gnu-tools-for-stm32.11.3.rel1.win32_1.1.100.202309141235/tools/bin/../lib/gcc/arm-none-eabi/11.3.1/../../../../arm-none-eabi/lib/thumb/v7-m/nofp\libc_nano.a(libc_a-init.o)
 .ARM.attributes
                0x000000000000030e       0x1d C:/ST/STM32CubeIDE_1.14.1/STM32CubeIDE/plugins/com.st.stm32cube.ide.mcu.externaltools.gnu-tools-for-stm32.11.3.rel1.win32_1.1.100.202309141235/tools/bin/../lib/gcc/arm-none-eabi/11.3.1/thumb/v7-m/nofp/crtn.o
OUTPUT(Test_RX_Slave1.elf elf32-littlearm)
LOAD linker stubs
LOAD C:/ST/STM32CubeIDE_1.14.1/STM32CubeIDE/plugins/com.st.stm32cube.ide.mcu.externaltools.gnu-tools-for-stm32.11.3.rel1.win32_1.1.100.202309141235/tools/bin/../lib/gcc/arm-none-eabi/11.3.1/../../../../arm-none-eabi/lib/thumb/v7-m/nofp\libc.a
LOAD C:/ST/STM32CubeIDE_1.14.1/STM32CubeIDE/plugins/com.st.stm32cube.ide.mcu.externaltools.gnu-tools-for-stm32.11.3.rel1.win32_1.1.100.202309141235/tools/bin/../lib/gcc/arm-none-eabi/11.3.1/../../../../arm-none-eabi/lib/thumb/v7-m/nofp\libm.a
LOAD C:/ST/STM32CubeIDE_1.14.1/STM32CubeIDE/plugins/com.st.stm32cube.ide.mcu.externaltools.gnu-tools-for-stm32.11.3.rel1.win32_1.1.100.202309141235/tools/bin/../lib/gcc/arm-none-eabi/11.3.1/thumb/v7-m/nofp\libgcc.a

.comment        0x0000000000000000       0x43
 .comment       0x0000000000000000       0x43 C:/ST/STM32CubeIDE_1.14.1/STM32CubeIDE/plugins/com.st.stm32cube.ide.mcu.externaltools.gnu-tools-for-stm32.11.3.rel1.win32_1.1.100.202309141235/tools/bin/../lib/gcc/arm-none-eabi/11.3.1/thumb/v7-m/nofp/crtbegin.o
                                         0x44 (size before relaxing)
 .comment       0x0000000000000043       0x44 ./Core/Src/main.o
 .comment       0x0000000000000043       0x44 ./Core/Src/stm32f1xx_hal_msp.o
 .comment       0x0000000000000043       0x44 ./Core/Src/stm32f1xx_it.o
 .comment       0x0000000000000043       0x44 ./Core/Src/system_stm32f1xx.o
 .comment       0x0000000000000043       0x44 ./Drivers/STM32F1xx_HAL_Driver/Src/stm32f1xx_hal.o
 .comment       0x0000000000000043       0x44 ./Drivers/STM32F1xx_HAL_Driver/Src/stm32f1xx_hal_can.o
 .comment       0x0000000000000043       0x44 ./Drivers/STM32F1xx_HAL_Driver/Src/stm32f1xx_hal_cortex.o
 .comment       0x0000000000000043       0x44 ./Drivers/STM32F1xx_HAL_Driver/Src/stm32f1xx_hal_dma.o
 .comment       0x0000000000000043       0x44 ./Drivers/STM32F1xx_HAL_Driver/Src/stm32f1xx_hal_gpio.o
 .comment       0x0000000000000043       0x44 ./Drivers/STM32F1xx_HAL_Driver/Src/stm32f1xx_hal_rcc.o
 .comment       0x0000000000000043       0x44 ./Drivers/STM32F1xx_HAL_Driver/Src/stm32f1xx_hal_tim.o
 .comment       0x0000000000000043       0x44 ./Drivers/STM32F1xx_HAL_Driver/Src/stm32f1xx_hal_tim_ex.o
 .comment       0x0000000000000043       0x44 ./Drivers/STM32F1xx_HAL_Driver/Src/stm32f1xx_hal_uart.o

.debug_info     0x0000000000000000     0xe0d7
 .debug_info    0x0000000000000000     0x1c2f ./Core/Src/main.o
 .debug_info    0x0000000000001c2f     0x1287 ./Core/Src/stm32f1xx_hal_msp.o
 .debug_info    0x0000000000002eb6      0xd5a ./Core/Src/stm32f1xx_it.o
 .debug_info    0x0000000000003c10      0x222 ./Core/Src/system_stm32f1xx.o
 .debug_info    0x0000000000003e32       0x23 ./Core/Startup/startup_stm32f103c8tx.o
 .debug_info    0x0000000000003e55      0x704 ./Drivers/STM32F1xx_HAL_Driver/Src/stm32f1xx_hal.o
 .debug_info    0x0000000000004559      0xf27 ./Drivers/STM32F1xx_HAL_Driver/Src/stm32f1xx_hal_can.o
 .debug_info    0x0000000000005480      0xa87 ./Drivers/STM32F1xx_HAL_Driver/Src/stm32f1xx_hal_cortex.o
 .debug_info    0x0000000000005f07      0x6d2 ./Drivers/STM32F1xx_HAL_Driver/Src/stm32f1xx_hal_dma.o
 .debug_info    0x00000000000065d9      0x5ab ./Drivers/STM32F1xx_HAL_Driver/Src/stm32f1xx_hal_gpio.o
 .debug_info    0x0000000000006b84      0x7d5 ./Drivers/STM32F1xx_HAL_Driver/Src/stm32f1xx_hal_rcc.o
 .debug_info    0x0000000000007359     0x293b ./Drivers/STM32F1xx_HAL_Driver/Src/stm32f1xx_hal_tim.o
 .debug_info    0x0000000000009c94     0x149b ./Drivers/STM32F1xx_HAL_Driver/Src/stm32f1xx_hal_tim_ex.o
 .debug_info    0x000000000000b12f     0x2fa8 ./Drivers/STM32F1xx_HAL_Driver/Src/stm32f1xx_hal_uart.o

.debug_abbrev   0x0000000000000000     0x1f13
 .debug_abbrev  0x0000000000000000      0x3b6 ./Core/Src/main.o
 .debug_abbrev  0x00000000000003b6      0x262 ./Core/Src/stm32f1xx_hal_msp.o
 .debug_abbrev  0x0000000000000618      0x20b ./Core/Src/stm32f1xx_it.o
 .debug_abbrev  0x0000000000000823      0x13f ./Core/Src/system_stm32f1xx.o
 .debug_abbrev  0x0000000000000962       0x12 ./Core/Startup/startup_stm32f103c8tx.o
 .debug_abbrev  0x0000000000000974      0x201 ./Drivers/STM32F1xx_HAL_Driver/Src/stm32f1xx_hal.o
 .debug_abbrev  0x0000000000000b75      0x22d ./Drivers/STM32F1xx_HAL_Driver/Src/stm32f1xx_hal_can.o
 .debug_abbrev  0x0000000000000da2      0x2f8 ./Drivers/STM32F1xx_HAL_Driver/Src/stm32f1xx_hal_cortex.o
 .debug_abbrev  0x000000000000109a      0x20b ./Drivers/STM32F1xx_HAL_Driver/Src/stm32f1xx_hal_dma.o
 .debug_abbrev  0x00000000000012a5      0x1ca ./Drivers/STM32F1xx_HAL_Driver/Src/stm32f1xx_hal_gpio.o
 .debug_abbrev  0x000000000000146f      0x2b3 ./Drivers/STM32F1xx_HAL_Driver/Src/stm32f1xx_hal_rcc.o
 .debug_abbrev  0x0000000000001722      0x277 ./Drivers/STM32F1xx_HAL_Driver/Src/stm32f1xx_hal_tim.o
 .debug_abbrev  0x0000000000001999      0x282 ./Drivers/STM32F1xx_HAL_Driver/Src/stm32f1xx_hal_tim_ex.o
 .debug_abbrev  0x0000000000001c1b      0x2f8 ./Drivers/STM32F1xx_HAL_Driver/Src/stm32f1xx_hal_uart.o

.debug_aranges  0x0000000000000000      0xdd8
 .debug_aranges
                0x0000000000000000       0xe0 ./Core/Src/main.o
 .debug_aranges
                0x00000000000000e0       0x60 ./Core/Src/stm32f1xx_hal_msp.o
 .debug_aranges
                0x0000000000000140       0x88 ./Core/Src/stm32f1xx_it.o
 .debug_aranges
                0x00000000000001c8       0x28 ./Core/Src/system_stm32f1xx.o
 .debug_aranges
                0x00000000000001f0       0x28 ./Core/Startup/startup_stm32f103c8tx.o
 .debug_aranges
                0x0000000000000218       0xe0 ./Drivers/STM32F1xx_HAL_Driver/Src/stm32f1xx_hal.o
 .debug_aranges
                0x00000000000002f8      0x138 ./Drivers/STM32F1xx_HAL_Driver/Src/stm32f1xx_hal_can.o
 .debug_aranges
                0x0000000000000430      0x100 ./Drivers/STM32F1xx_HAL_Driver/Src/stm32f1xx_hal_cortex.o
 .debug_aranges
                0x0000000000000530       0x80 ./Drivers/STM32F1xx_HAL_Driver/Src/stm32f1xx_hal_dma.o
 .debug_aranges
                0x00000000000005b0       0x58 ./Drivers/STM32F1xx_HAL_Driver/Src/stm32f1xx_hal_gpio.o
 .debug_aranges
                0x0000000000000608       0x90 ./Drivers/STM32F1xx_HAL_Driver/Src/stm32f1xx_hal_rcc.o
 .debug_aranges
                0x0000000000000698      0x3d0 ./Drivers/STM32F1xx_HAL_Driver/Src/stm32f1xx_hal_tim.o
 .debug_aranges
                0x0000000000000a68      0x168 ./Drivers/STM32F1xx_HAL_Driver/Src/stm32f1xx_hal_tim_ex.o
 .debug_aranges
                0x0000000000000bd0      0x208 ./Drivers/STM32F1xx_HAL_Driver/Src/stm32f1xx_hal_uart.o

.debug_rnglists
                0x0000000000000000      0xafe
 .debug_rnglists
                0x0000000000000000       0xce ./Core/Src/main.o
 .debug_rnglists
                0x00000000000000ce       0x46 ./Core/Src/stm32f1xx_hal_msp.o
 .debug_rnglists
                0x0000000000000114       0x61 ./Core/Src/stm32f1xx_it.o
 .debug_rnglists
                0x0000000000000175       0x1a ./Core/Src/system_stm32f1xx.o
 .debug_rnglists
                0x000000000000018f       0x19 ./Core/Startup/startup_stm32f103c8tx.o
 .debug_rnglists
                0x00000000000001a8       0xa3 ./Drivers/STM32F1xx_HAL_Driver/Src/stm32f1xx_hal.o
 .debug_rnglists
                0x000000000000024b       0xee ./Drivers/STM32F1xx_HAL_Driver/Src/stm32f1xx_hal_can.o
 .debug_rnglists
                0x0000000000000339       0xbb ./Drivers/STM32F1xx_HAL_Driver/Src/stm32f1xx_hal_cortex.o
 .debug_rnglists
                0x00000000000003f4       0x64 ./Drivers/STM32F1xx_HAL_Driver/Src/stm32f1xx_hal_dma.o
 .debug_rnglists
                0x0000000000000458       0x3f ./Drivers/STM32F1xx_HAL_Driver/Src/stm32f1xx_hal_gpio.o
 .debug_rnglists
                0x0000000000000497       0x6c ./Drivers/STM32F1xx_HAL_Driver/Src/stm32f1xx_hal_rcc.o
 .debug_rnglists
                0x0000000000000503      0x31a ./Drivers/STM32F1xx_HAL_Driver/Src/stm32f1xx_hal_tim.o
 .debug_rnglists
                0x000000000000081d      0x125 ./Drivers/STM32F1xx_HAL_Driver/Src/stm32f1xx_hal_tim_ex.o
 .debug_rnglists
                0x0000000000000942      0x1bc ./Drivers/STM32F1xx_HAL_Driver/Src/stm32f1xx_hal_uart.o

.debug_macro    0x0000000000000000    0x17fd1
 .debug_macro   0x0000000000000000      0x34a ./Core/Src/main.o
 .debug_macro   0x000000000000034a      0xa9c ./Core/Src/main.o
 .debug_macro   0x0000000000000de6      0x221 ./Core/Src/main.o
 .debug_macro   0x0000000000001007       0x2e ./Core/Src/main.o
 .debug_macro   0x0000000000001035       0x22 ./Core/Src/main.o
 .debug_macro   0x0000000000001057       0x22 ./Core/Src/main.o
 .debug_macro   0x0000000000001079       0x8e ./Core/Src/main.o
 .debug_macro   0x0000000000001107       0x51 ./Core/Src/main.o
 .debug_macro   0x0000000000001158      0x103 ./Core/Src/main.o
 .debug_macro   0x000000000000125b       0x6a ./Core/Src/main.o
 .debug_macro   0x00000000000012c5      0x1df ./Core/Src/main.o
 .debug_macro   0x00000000000014a4       0x1c ./Core/Src/main.o
 .debug_macro   0x00000000000014c0       0x22 ./Core/Src/main.o
 .debug_macro   0x00000000000014e2       0xbd ./Core/Src/main.o
 .debug_macro   0x000000000000159f      0xd23 ./Core/Src/main.o
 .debug_macro   0x00000000000022c2     0xe09e ./Core/Src/main.o
 .debug_macro   0x0000000000010360       0x6d ./Core/Src/main.o
 .debug_macro   0x00000000000103cd     0x348d ./Core/Src/main.o
 .debug_macro   0x000000000001385a      0x174 ./Core/Src/main.o
 .debug_macro   0x00000000000139ce       0x5c ./Core/Src/main.o
 .debug_macro   0x0000000000013a2a      0x5bc ./Core/Src/main.o
 .debug_macro   0x0000000000013fe6      0x289 ./Core/Src/main.o
 .debug_macro   0x000000000001426f      0x1cb ./Core/Src/main.o
 .debug_macro   0x000000000001443a      0x114 ./Core/Src/main.o
 .debug_macro   0x000000000001454e      0x1b2 ./Core/Src/main.o
 .debug_macro   0x0000000000014700       0x27 ./Core/Src/main.o
 .debug_macro   0x0000000000014727      0x136 ./Core/Src/main.o
 .debug_macro   0x000000000001485d      0x1bc ./Core/Src/main.o
 .debug_macro   0x0000000000014a19       0x34 ./Core/Src/main.o
 .debug_macro   0x0000000000014a4d       0x3c ./Core/Src/main.o
 .debug_macro   0x0000000000014a89      0x408 ./Core/Src/main.o
 .debug_macro   0x0000000000014e91       0x57 ./Core/Src/main.o
 .debug_macro   0x0000000000014ee8       0x87 ./Core/Src/main.o
 .debug_macro   0x0000000000014f6f      0x240 ./Core/Src/main.o
 .debug_macro   0x00000000000151af      0x140 ./Core/Src/main.o
 .debug_macro   0x00000000000152ef      0x8ed ./Core/Src/main.o
 .debug_macro   0x0000000000015bdc      0x28e ./Core/Src/main.o
 .debug_macro   0x0000000000015e6a       0x83 ./Core/Src/main.o
 .debug_macro   0x0000000000015eed       0x64 ./Core/Src/main.o
 .debug_macro   0x0000000000015f51       0x61 ./Core/Src/main.o
 .debug_macro   0x0000000000015fb2       0x24 ./Core/Src/main.o
 .debug_macro   0x0000000000015fd6       0x43 ./Core/Src/main.o
 .debug_macro   0x0000000000016019       0x34 ./Core/Src/main.o
 .debug_macro   0x000000000001604d       0x16 ./Core/Src/main.o
 .debug_macro   0x0000000000016063       0x35 ./Core/Src/main.o
 .debug_macro   0x0000000000016098      0x369 ./Core/Src/main.o
 .debug_macro   0x0000000000016401       0x10 ./Core/Src/main.o
 .debug_macro   0x0000000000016411       0x16 ./Core/Src/main.o
 .debug_macro   0x0000000000016427       0x43 ./Core/Src/main.o
 .debug_macro   0x000000000001646a       0x34 ./Core/Src/main.o
 .debug_macro   0x000000000001649e       0x10 ./Core/Src/main.o
 .debug_macro   0x00000000000164ae       0x58 ./Core/Src/main.o
 .debug_macro   0x0000000000016506       0x8e ./Core/Src/main.o
 .debug_macro   0x0000000000016594       0x1c ./Core/Src/main.o
 .debug_macro   0x00000000000165b0      0x177 ./Core/Src/main.o
 .debug_macro   0x0000000000016727       0x16 ./Core/Src/main.o
 .debug_macro   0x000000000001673d       0x16 ./Core/Src/main.o
 .debug_macro   0x0000000000016753      0x147 ./Core/Src/main.o
 .debug_macro   0x000000000001689a       0x22 ./Core/Src/main.o
 .debug_macro   0x00000000000168bc       0x16 ./Core/Src/main.o
 .debug_macro   0x00000000000168d2       0x20 ./Core/Src/main.o
 .debug_macro   0x00000000000168f2       0x16 ./Core/Src/main.o
 .debug_macro   0x0000000000016908       0x16 ./Core/Src/main.o
 .debug_macro   0x000000000001691e       0x29 ./Core/Src/main.o
 .debug_macro   0x0000000000016947      0x19b ./Core/Src/main.o
 .debug_macro   0x0000000000016ae2      0x1bc ./Core/Src/stm32f1xx_hal_msp.o
 .debug_macro   0x0000000000016c9e      0x1c6 ./Core/Src/stm32f1xx_it.o
 .debug_macro   0x0000000000016e64      0x1ad ./Core/Src/system_stm32f1xx.o
 .debug_macro   0x0000000000017011      0x1d1 ./Drivers/STM32F1xx_HAL_Driver/Src/stm32f1xx_hal.o
 .debug_macro   0x00000000000171e2      0x1b5 ./Drivers/STM32F1xx_HAL_Driver/Src/stm32f1xx_hal_can.o
 .debug_macro   0x0000000000017397      0x1ad ./Drivers/STM32F1xx_HAL_Driver/Src/stm32f1xx_hal_cortex.o
 .debug_macro   0x0000000000017544      0x1ad ./Drivers/STM32F1xx_HAL_Driver/Src/stm32f1xx_hal_dma.o
 .debug_macro   0x00000000000176f1      0x218 ./Drivers/STM32F1xx_HAL_Driver/Src/stm32f1xx_hal_gpio.o
 .debug_macro   0x0000000000017909      0x1bf ./Drivers/STM32F1xx_HAL_Driver/Src/stm32f1xx_hal_rcc.o
 .debug_macro   0x0000000000017ac8      0x1ae ./Drivers/STM32F1xx_HAL_Driver/Src/stm32f1xx_hal_tim.o
 .debug_macro   0x0000000000017c76      0x1ad ./Drivers/STM32F1xx_HAL_Driver/Src/stm32f1xx_hal_tim_ex.o
 .debug_macro   0x0000000000017e23      0x1ae ./Drivers/STM32F1xx_HAL_Driver/Src/stm32f1xx_hal_uart.o

.debug_line     0x0000000000000000     0xed51
 .debug_line    0x0000000000000000     0x1046 ./Core/Src/main.o
 .debug_line    0x0000000000001046      0x8a0 ./Core/Src/stm32f1xx_hal_msp.o
 .debug_line    0x00000000000018e6      0x856 ./Core/Src/stm32f1xx_it.o
 .debug_line    0x000000000000213c      0x79a ./Core/Src/system_stm32f1xx.o
 .debug_line    0x00000000000028d6       0x79 ./Core/Startup/startup_stm32f103c8tx.o
 .debug_line    0x000000000000294f      0x9c7 ./Drivers/STM32F1xx_HAL_Driver/Src/stm32f1xx_hal.o
 .debug_line    0x0000000000003316     0x116e ./Drivers/STM32F1xx_HAL_Driver/Src/stm32f1xx_hal_can.o
 .debug_line    0x0000000000004484      0xbaf ./Drivers/STM32F1xx_HAL_Driver/Src/stm32f1xx_hal_cortex.o
 .debug_line    0x0000000000005033      0xe20 ./Drivers/STM32F1xx_HAL_Driver/Src/stm32f1xx_hal_dma.o
 .debug_line    0x0000000000005e53      0xa60 ./Drivers/STM32F1xx_HAL_Driver/Src/stm32f1xx_hal_gpio.o
 .debug_line    0x00000000000068b3      0xdd0 ./Drivers/STM32F1xx_HAL_Driver/Src/stm32f1xx_hal_rcc.o
 .debug_line    0x0000000000007683     0x34b3 ./Drivers/STM32F1xx_HAL_Driver/Src/stm32f1xx_hal_tim.o
 .debug_line    0x000000000000ab36     0x1926 ./Drivers/STM32F1xx_HAL_Driver/Src/stm32f1xx_hal_tim_ex.o
 .debug_line    0x000000000000c45c     0x28f5 ./Drivers/STM32F1xx_HAL_Driver/Src/stm32f1xx_hal_uart.o

.debug_str      0x0000000000000000    0x8d5c7
 .debug_str     0x0000000000000000    0x8a7d8 ./Core/Src/main.o
                                      0x8ac6f (size before relaxing)
 .debug_str     0x000000000008a7d8      0x41c ./Core/Src/stm32f1xx_hal_msp.o
                                      0x86638 (size before relaxing)
 .debug_str     0x000000000008abf4      0x135 ./Core/Src/stm32f1xx_it.o
                                      0x862c4 (size before relaxing)
 .debug_str     0x000000000008ad29       0x7e ./Core/Src/system_stm32f1xx.o
                                      0x85796 (size before relaxing)
 .debug_str     0x000000000008ada7       0x79 ./Core/Startup/startup_stm32f103c8tx.o
 .debug_str     0x000000000008ae20      0x367 ./Drivers/STM32F1xx_HAL_Driver/Src/stm32f1xx_hal.o
                                      0x85ec9 (size before relaxing)
 .debug_str     0x000000000008b187      0x3e8 ./Drivers/STM32F1xx_HAL_Driver/Src/stm32f1xx_hal_can.o
                                      0x85f96 (size before relaxing)
 .debug_str     0x000000000008b56f      0x262 ./Drivers/STM32F1xx_HAL_Driver/Src/stm32f1xx_hal_cortex.o
                                      0x85e15 (size before relaxing)
 .debug_str     0x000000000008b7d1      0x235 ./Drivers/STM32F1xx_HAL_Driver/Src/stm32f1xx_hal_dma.o
                                      0x85b3f (size before relaxing)
 .debug_str     0x000000000008ba06      0x2ce ./Drivers/STM32F1xx_HAL_Driver/Src/stm32f1xx_hal_gpio.o
                                      0x85b1c (size before relaxing)
 .debug_str     0x000000000008bcd4      0x229 ./Drivers/STM32F1xx_HAL_Driver/Src/stm32f1xx_hal_rcc.o
                                      0x85bc5 (size before relaxing)
 .debug_str     0x000000000008befd      0xc7c ./Drivers/STM32F1xx_HAL_Driver/Src/stm32f1xx_hal_tim.o
                                      0x86bb7 (size before relaxing)
 .debug_str     0x000000000008cb79      0x493 ./Drivers/STM32F1xx_HAL_Driver/Src/stm32f1xx_hal_tim_ex.o
                                      0x863d3 (size before relaxing)
 .debug_str     0x000000000008d00c      0x5bb ./Drivers/STM32F1xx_HAL_Driver/Src/stm32f1xx_hal_uart.o
                                      0x86236 (size before relaxing)

.debug_frame    0x0000000000000000     0x3ab8
 .debug_frame   0x0000000000000000      0x390 ./Core/Src/main.o
 .debug_frame   0x0000000000000390      0x154 ./Core/Src/stm32f1xx_hal_msp.o
 .debug_frame   0x00000000000004e4      0x190 ./Core/Src/stm32f1xx_it.o
 .debug_frame   0x0000000000000674       0x58 ./Core/Src/system_stm32f1xx.o
 .debug_frame   0x00000000000006cc      0x334 ./Drivers/STM32F1xx_HAL_Driver/Src/stm32f1xx_hal.o
 .debug_frame   0x0000000000000a00      0x5a0 ./Drivers/STM32F1xx_HAL_Driver/Src/stm32f1xx_hal_can.o
 .debug_frame   0x0000000000000fa0      0x428 ./Drivers/STM32F1xx_HAL_Driver/Src/stm32f1xx_hal_cortex.o
 .debug_frame   0x00000000000013c8      0x208 ./Drivers/STM32F1xx_HAL_Driver/Src/stm32f1xx_hal_dma.o
 .debug_frame   0x00000000000015d0      0x14c ./Drivers/STM32F1xx_HAL_Driver/Src/stm32f1xx_hal_gpio.o
 .debug_frame   0x000000000000171c      0x218 ./Drivers/STM32F1xx_HAL_Driver/Src/stm32f1xx_hal_rcc.o
 .debug_frame   0x0000000000001934     0x11bc ./Drivers/STM32F1xx_HAL_Driver/Src/stm32f1xx_hal_tim.o
 .debug_frame   0x0000000000002af0      0x638 ./Drivers/STM32F1xx_HAL_Driver/Src/stm32f1xx_hal_tim_ex.o
 .debug_frame   0x0000000000003128      0x944 ./Drivers/STM32F1xx_HAL_Driver/Src/stm32f1xx_hal_uart.o
 .debug_frame   0x0000000000003a6c       0x20 C:/ST/STM32CubeIDE_1.14.1/STM32CubeIDE/plugins/com.st.stm32cube.ide.mcu.externaltools.gnu-tools-for-stm32.11.3.rel1.win32_1.1.100.202309141235/tools/bin/../lib/gcc/arm-none-eabi/11.3.1/../../../../arm-none-eabi/lib/thumb/v7-m/nofp\libc_nano.a(libc_a-memset.o)
 .debug_frame   0x0000000000003a8c       0x2c C:/ST/STM32CubeIDE_1.14.1/STM32CubeIDE/plugins/com.st.stm32cube.ide.mcu.externaltools.gnu-tools-for-stm32.11.3.rel1.win32_1.1.100.202309141235/tools/bin/../lib/gcc/arm-none-eabi/11.3.1/../../../../arm-none-eabi/lib/thumb/v7-m/nofp\libc_nano.a(libc_a-init.o)

.debug_line_str
                0x0000000000000000       0x6d
 .debug_line_str
                0x0000000000000000       0x6d ./Core/Startup/startup_stm32f103c8tx.o
                                         0x85 (size before relaxing)
