../Core/Src/main.c:135:9:getCheckSum	24	static
../Core/Src/main.c:144:6:ReadUart	16	static
../Core/Src/main.c:155:10:DecodeData	24	static
../Core/Src/main.c:165:6:EncodeDataDC	32	static
../Core/Src/main.c:188:6:EncodeDataAC	32	static
../Core/Src/main.c:207:6:delay_us	16	static
../Core/Src/main.c:213:6:ForwardDC	24	static
../Core/Src/main.c:224:6:InverseDC	24	static
../Core/Src/main.c:238:6:Create_pulse_Forward_AC	24	static
../Core/Src/main.c:251:6:Create_pulse_Inverse_AC	24	static
../Core/Src/main.c:265:6:Control_Motor	40	static
../Core/Src/main.c:301:6:HAL_UART_RxCpltCallback	16	static
../Core/Src/main.c:333:6:HAL_TIM_PeriodElapsedCallback	16	static
../Core/Src/main.c:352:6:HAL_TIM_PWM_PulseFinishedCallback	16	static
../Core/Src/main.c:360:6:HAL_CAN_RxFifo0MsgPendingCallback	24	static
../Core/Src/main.c:400:5:main	8	static
../Core/Src/main.c:475:6:SystemClock_Config	72	static
../Core/Src/main.c:515:13:MX_CAN_Init	8	static
../Core/Src/main.c:572:13:MX_TIM1_Init	32	static
../Core/Src/main.c:618:13:MX_TIM2_Init	56	static
../Core/Src/main.c:667:13:MX_TIM4_Init	32	static
../Core/Src/main.c:712:13:MX_USART1_UART_Init	8	static
../Core/Src/main.c:745:13:MX_USART2_UART_Init	8	static
../Core/Src/main.c:778:13:MX_GPIO_Init	40	static
../Core/Src/main.c:842:6:Error_Handler	4	static,ignoring_inline_asm
