../Core/Src/main.c:91:6:HAL_TIM_PeriodElapsedCallback	16	static
../Core/Src/main.c:100:6:delay_us	16	static
../Core/Src/main.c:107:6:HAL_UART_RxCpltCallback	24	static
../Core/Src/main.c:129:6:HAL_CAN_RxFifo0MsgPendingCallback	16	static
../Core/Src/main.c:174:5:main	32	static
../Core/Src/main.c:294:6:SystemClock_Config	88	static
../Core/Src/main.c:340:13:MX_CAN1_Init	8	static
../Core/Src/main.c:394:13:MX_TIM1_Init	32	static
../Core/Src/main.c:440:13:MX_TIM2_Init	32	static
../Core/Src/main.c:485:13:MX_UART4_Init	8	static
../Core/Src/main.c:518:13:MX_GPIO_Init	48	static
../Core/Src/main.c:552:6:Error_Handler	4	static
