../Core/Src/main.c:110:6:HAL_TIM_PeriodElapsedCallback	16	static
../Core/Src/main.c:117:6:HAL_UART_RxCpltCallback	24	static
../Core/Src/main.c:137:6:HAL_CAN_RxFifo0MsgPendingCallback	16	static
../Core/Src/main.c:151:6:Tach_chuoi_UART	40	static
../Core/Src/main.c:162:6:Handles_UART_6_Motor	32	static
../Core/Src/main.c:183:5:main	24	static
../Core/Src/main.c:272:6:SystemClock_Config	88	static
../Core/Src/main.c:318:13:MX_CAN1_Init	48	static
../Core/Src/main.c:378:13:MX_TIM1_Init	32	static
../Core/Src/main.c:424:13:MX_UART4_Init	8	static
../Core/Src/main.c:457:13:MX_GPIO_Init	48	static
../Core/Src/main.c:492:6:Error_Handler	4	static,ignoring_inline_asm
