../Core/Src/main.c:144:9:getCheckSum	24	static
../Core/Src/main.c:153:6:ReadUart	16	static
../Core/Src/main.c:164:10:DecodeData	24	static
../Core/Src/main.c:174:6:EncodeDataDC	32	static
../Core/Src/main.c:201:6:EncodeDataAC	32	static
../Core/Src/main.c:220:6:delay_us	16	static
../Core/Src/main.c:226:6:ForwardDC	24	static
../Core/Src/main.c:237:6:InverseDC	24	static
../Core/Src/main.c:249:6:Create_pulse_Forward_AC	24	static
../Core/Src/main.c:262:6:Create_pulse_Inverse_AC	24	static
../Core/Src/main.c:276:6:Control_Motor	40	static
../Core/Src/main.c:312:6:HAL_UART_RxCpltCallback	16	static
../Core/Src/main.c:345:6:HAL_TIM_PeriodElapsedCallback	16	static
../Core/Src/main.c:370:6:HAL_TIM_PWM_PulseFinishedCallback	16	static
../Core/Src/main.c:378:6:HAL_CAN_RxFifo0MsgPendingCallback	24	static
../Core/Src/main.c:418:5:main	8	static
../Core/Src/main.c:504:6:SystemClock_Config	72	static
../Core/Src/main.c:544:13:MX_CAN_Init	8	static
../Core/Src/main.c:601:13:MX_TIM1_Init	32	static
../Core/Src/main.c:647:13:MX_TIM2_Init	56	static
../Core/Src/main.c:696:13:MX_TIM3_Init	56	static
../Core/Src/main.c:745:13:MX_TIM4_Init	32	static
../Core/Src/main.c:790:13:MX_USART1_UART_Init	8	static
../Core/Src/main.c:823:13:MX_USART2_UART_Init	8	static
../Core/Src/main.c:856:13:MX_GPIO_Init	40	static
../Core/Src/main.c:910:6:Error_Handler	4	static,ignoring_inline_asm
