../Core/Src/main.c:137:9:getCheckSum	2
../Core/Src/main.c:146:6:ReadUart	1
../Core/Src/main.c:157:10:DecodeData	1
../Core/Src/main.c:167:6:EncodeDataDC	3
../Core/Src/main.c:190:6:EncodeDataAC	2
../Core/Src/main.c:209:6:delay_us	2
../Core/Src/main.c:215:6:ForwardDC	2
../Core/Src/main.c:226:6:InverseDC	2
../Core/Src/main.c:240:6:Create_pulse_Forward_AC	2
../Core/Src/main.c:253:6:Create_pulse_Inverse_AC	2
../Core/Src/main.c:267:6:Control_Motor	4
../Core/Src/main.c:303:6:HAL_UART_RxCpltCallback	6
../Core/Src/main.c:335:6:HAL_TIM_PeriodElapsedCallback	4
../Core/Src/main.c:354:6:HAL_TIM_PWM_PulseFinishedCallback	2
../Core/Src/main.c:362:6:HAL_CAN_RxFifo0MsgPendingCallback	6
../Core/Src/main.c:402:5:main	1
../Core/Src/main.c:476:6:SystemClock_Config	3
../Core/Src/main.c:516:13:MX_CAN_Init	3
../Core/Src/main.c:573:13:MX_TIM1_Init	4
../Core/Src/main.c:619:13:MX_TIM2_Init	3
../Core/Src/main.c:668:13:MX_TIM3_Init	3
../Core/Src/main.c:717:13:MX_TIM4_Init	4
../Core/Src/main.c:762:13:MX_USART1_UART_Init	2
../Core/Src/main.c:795:13:MX_USART2_UART_Init	2
../Core/Src/main.c:828:13:MX_GPIO_Init	1
../Core/Src/main.c:882:6:Error_Handler	1
