../Core/Src/main.c:139:9:getCheckSum	24	static
../Core/Src/main.c:148:6:ReadUart	16	static
../Core/Src/main.c:159:10:DecodeData	24	static
../Core/Src/main.c:169:6:EncodeDataDC	32	static
../Core/Src/main.c:192:6:EncodeDataAC	32	static
../Core/Src/main.c:211:6:delay_us	16	static
../Core/Src/main.c:217:6:ForwardDC	24	static
../Core/Src/main.c:228:6:InverseDC	24	static
../Core/Src/main.c:240:6:Create_pulse_Forward_AC	24	static
../Core/Src/main.c:253:6:Create_pulse_Inverse_AC	24	static
../Core/Src/main.c:267:6:Control_Motor	40	static
../Core/Src/main.c:303:6:HAL_UART_RxCpltCallback	16	static
../Core/Src/main.c:336:6:HAL_TIM_PeriodElapsedCallback	16	static
../Core/Src/main.c:361:6:HAL_TIM_PWM_PulseFinishedCallback	16	static
../Core/Src/main.c:369:6:HAL_CAN_RxFifo0MsgPendingCallback	24	static
../Core/Src/main.c:409:5:main	8	static
../Core/Src/main.c:489:6:SystemClock_Config	72	static
../Core/Src/main.c:529:13:MX_CAN_Init	8	static
../Core/Src/main.c:586:13:MX_TIM1_Init	32	static
../Core/Src/main.c:632:13:MX_TIM2_Init	56	static
../Core/Src/main.c:681:13:MX_TIM3_Init	56	static
../Core/Src/main.c:730:13:MX_TIM4_Init	32	static
../Core/Src/main.c:775:13:MX_USART1_UART_Init	8	static
../Core/Src/main.c:808:13:MX_USART2_UART_Init	8	static
../Core/Src/main.c:841:13:MX_GPIO_Init	40	static
../Core/Src/main.c:895:6:Error_Handler	4	static,ignoring_inline_asm
