15:05:59 **** Incremental Build of configuration Debug for project CAN_Slave2 ****
make -j16 all 
arm-none-eabi-gcc "../Core/Src/main.c" -mcpu=cortex-m3 -std=gnu11 -g3 -DDEBUG -DUSE_HAL_DRIVER -DSTM32F103xB -c -I../Core/Inc -I../Drivers/STM32F1xx_HAL_Driver/Inc/Legacy -I../Drivers/STM32F1xx_HAL_Driver/Inc -I../Drivers/CMSIS/Device/ST/STM32F1xx/Include -I../Drivers/CMSIS/Include -O0 -ffunction-sections -fdata-sections -Wall -fstack-usage -fcyclomatic-complexity -MMD -MP -MF"Core/Src/main.d" -MT"Core/Src/main.o" --specs=nano.specs -mfloat-abi=soft -mthumb -o "Core/Src/main.o"
arm-none-eabi-gcc -o "CAN_Slave2.elf" @"objects.list"   -mcpu=cortex-m3 -T"C:\Users\nguye\Desktop\CAN_Slave2\STM32F103C8TX_FLASH.ld" --specs=nosys.specs -Wl,-Map="CAN_Slave2.map" -Wl,--gc-sections -static --specs=nano.specs -mfloat-abi=soft -mthumb -Wl,--start-group -lc -lm -Wl,--end-group
Finished building target: CAN_Slave2.elf
 
arm-none-eabi-size  CAN_Slave2.elf 
arm-none-eabi-objdump -h -S CAN_Slave2.elf  > "CAN_Slave2.list"
   text	   data	    bss	    dec	    hex	filename
   8528	     20	   1684	  10232	   27f8	CAN_Slave2.elf
Finished building: default.size.stdout
 
Finished building: CAN_Slave2.list
 

15:06:01 Build Finished. 0 errors, 0 warnings. (took 1s.705ms)

