18:09:49 **** Incremental Build of configuration Debug for project CAN_MASTER_NODE ****
make -j16 all 
arm-none-eabi-gcc "../Core/Src/main.c" -mcpu=cortex-m3 -std=gnu11 -g3 -DDEBUG -DUSE_HAL_DRIVER -DSTM32F103xB -c -I../Core/Inc -I../Drivers/STM32F1xx_HAL_Driver/Inc/Legacy -I../Drivers/STM32F1xx_HAL_Driver/Inc -I../Drivers/CMSIS/Device/ST/STM32F1xx/Include -I../Drivers/CMSIS/Include -O0 -ffunction-sections -fdata-sections -Wall -fstack-usage -fcyclomatic-complexity -MMD -MP -MF"Core/Src/main.d" -MT"Core/Src/main.o" --specs=nano.specs -mfloat-abi=soft -mthumb -o "Core/Src/main.o"
arm-none-eabi-gcc -o "CAN_MASTER_NODE.elf" @"objects.list"   -mcpu=cortex-m3 -T"D:\Embedded System\STM_PROJECT\CAN_MASTER_NODE\STM32F103C8TX_FLASH.ld" --specs=nosys.specs -Wl,-Map="CAN_MASTER_NODE.map" -Wl,--gc-sections -static --specs=nano.specs -mfloat-abi=soft -mthumb -Wl,--start-group -lc -lm -Wl,--end-group
Finished building target: CAN_MASTER_NODE.elf
 
arm-none-eabi-size  CAN_MASTER_NODE.elf 
arm-none-eabi-objdump -h -S CAN_MASTER_NODE.elf  > "CAN_MASTER_NODE.list"
   text	   data	    bss	    dec	    hex	filename
  15120	     20	   1956	  17096	   42c8	CAN_MASTER_NODE.elf
Finished building: default.size.stdout
 
Finished building: CAN_MASTER_NODE.list
 

18:09:49 Build Finished. 0 errors, 0 warnings. (took 599ms)

