20:51:16 **** Incremental Build of configuration Debug for project CAN_SLAVE_NODE1 ****
make -j16 all 
arm-none-eabi-gcc "../Core/Src/main.c" -mcpu=cortex-m3 -std=gnu11 -g3 -DDEBUG -DUSE_HAL_DRIVER -DSTM32F103xB -c -I../Core/Inc -I../Drivers/STM32F1xx_HAL_Driver/Inc/Legacy -I../Drivers/STM32F1xx_HAL_Driver/Inc -I../Drivers/CMSIS/Device/ST/STM32F1xx/Include -I../Drivers/CMSIS/Include -O0 -ffunction-sections -fdata-sections -Wall -fstack-usage -fcyclomatic-complexity -MMD -MP -MF"Core/Src/main.d" -MT"Core/Src/main.o" --specs=nano.specs -mfloat-abi=soft -mthumb -o "Core/Src/main.o"
arm-none-eabi-gcc -o "CAN_SLAVE_NODE1.elf" @"objects.list"   -mcpu=cortex-m3 -T"D:\Embedded System\STM_PROJECT\CAN_SLAVE_NODE1\STM32F103C8TX_FLASH.ld" --specs=nosys.specs -Wl,-Map="CAN_SLAVE_NODE1.map" -Wl,--gc-sections -static --specs=nano.specs -mfloat-abi=soft -mthumb -Wl,--start-group -lc -lm -Wl,--end-group
Finished building target: CAN_SLAVE_NODE1.elf
 
arm-none-eabi-size  CAN_SLAVE_NODE1.elf 
arm-none-eabi-objdump -h -S CAN_SLAVE_NODE1.elf  > "CAN_SLAVE_NODE1.list"
   text	   data	    bss	    dec	    hex	filename
  13760	     20	   1932	  15712	   3d60	CAN_SLAVE_NODE1.elf
Finished building: default.size.stdout
 
Finished building: CAN_SLAVE_NODE1.list
 

20:51:17 Build Finished. 0 errors, 0 warnings. (took 600ms)

