15:13:28 **** Incremental Build of configuration Debug for project MASTER ****
make -j16 all 
arm-none-eabi-gcc "../Core/Src/main.c" -mcpu=cortex-m4 -std=gnu11 -g3 -DDEBUG -DUSE_HAL_DRIVER -DSTM32F407xx -c -I../Core/Inc -I../Drivers/STM32F4xx_HAL_Driver/Inc -I../Drivers/STM32F4xx_HAL_Driver/Inc/Legacy -I../Drivers/CMSIS/Device/ST/STM32F4xx/Include -I../Drivers/CMSIS/Include -I"D:/STM32/DATN_STM32_Master/Thu_vien" -O0 -ffunction-sections -fdata-sections -Wall -fstack-usage -fcyclomatic-complexity -MMD -MP -MF"Core/Src/main.d" -MT"Core/Src/main.o" --specs=nano.specs -mfpu=fpv4-sp-d16 -mfloat-abi=hard -mthumb -o "Core/Src/main.o"
arm-none-eabi-gcc -o "MASTER.elf" @"objects.list"   -mcpu=cortex-m4 -T"D:\Embedded System\STM_PROJECT\MASTER\STM32F407VGTX_FLASH.ld" --specs=nosys.specs -Wl,-Map="MASTER.map" -Wl,--gc-sections -static --specs=nano.specs -mfpu=fpv4-sp-d16 -mfloat-abi=hard -mthumb -Wl,--start-group -lc -lm -Wl,--end-group
Finished building target: MASTER.elf
 
arm-none-eabi-size  MASTER.elf 
arm-none-eabi-objdump -h -S MASTER.elf  > "MASTER.list"
   text	   data	    bss	    dec	    hex	filename
  18464	     20	   2044	  20528	   5030	MASTER.elf
arm-none-eabi-objcopy  -O ihex MASTER.elf  "MASTER.hex"
Finished building: default.size.stdout
 
Finished building: MASTER.hex
 
Finished building: MASTER.list
 
