09:21:09 **** Build of configuration Debug for project Slave1_Test_RX ****
make -j16 all 
arm-none-eabi-gcc "../Core/Src/main.c" -mcpu=cortex-m3 -std=gnu11 -g3 -DDEBUG -DUSE_HAL_DRIVER -DSTM32F103xB -c -I../Core/Inc -I../Drivers/STM32F1xx_HAL_Driver/Inc/Legacy -I../Drivers/STM32F1xx_HAL_Driver/Inc -I../Drivers/CMSIS/Device/ST/STM32F1xx/Include -I../Drivers/CMSIS/Include -O0 -ffunction-sections -fdata-sections -Wall -fstack-usage -fcyclomatic-complexity -MMD -MP -MF"Core/Src/main.d" -MT"Core/Src/main.o" --specs=nano.specs -mfloat-abi=soft -mthumb -o "Core/Src/main.o"
arm-none-eabi-gcc -o "Slave1_Test_RX.elf" @"objects.list"   -mcpu=cortex-m3 -T"D:\Embedded System\STM_PROJECT\Slave1_Test_RX\STM32F103C8TX_FLASH.ld" --specs=nosys.specs -Wl,-Map="Slave1_Test_RX.map" -Wl,--gc-sections -static --specs=nano.specs -mfloat-abi=soft -mthumb -Wl,--start-group -lc -lm -Wl,--end-group
Finished building target: Slave1_Test_RX.elf
 
arm-none-eabi-size  Slave1_Test_RX.elf 
arm-none-eabi-objdump -h -S Slave1_Test_RX.elf  > "Slave1_Test_RX.list"
   text	   data	    bss	    dec	    hex	filename
  16668	     24	   2104	  18796	   496c	Slave1_Test_RX.elf
arm-none-eabi-objcopy  -O ihex Slave1_Test_RX.elf  "Slave1_Test_RX.hex"
Finished building: default.size.stdout
 
Finished building: Slave1_Test_RX.hex
 
Finished building: Slave1_Test_RX.list
 

09:21:10 Build Finished. 0 errors, 0 warnings. (took 691ms)

