16:14:45 **** Incremental Build of configuration Debug for project SLAVE_CAN_TEST ****
make -j16 all 
arm-none-eabi-gcc "../Core/Src/main.c" -mcpu=cortex-m3 -std=gnu11 -g3 -DDEBUG -DUSE_HAL_DRIVER -DSTM32F103xB -c -I../Core/Inc -I../Drivers/STM32F1xx_HAL_Driver/Inc/Legacy -I../Drivers/STM32F1xx_HAL_Driver/Inc -I../Drivers/CMSIS/Device/ST/STM32F1xx/Include -I../Drivers/CMSIS/Include -O0 -ffunction-sections -fdata-sections -Wall -fstack-usage -fcyclomatic-complexity -MMD -MP -MF"Core/Src/main.d" -MT"Core/Src/main.o" --specs=nano.specs -mfloat-abi=soft -mthumb -o "Core/Src/main.o"
arm-none-eabi-gcc -o "SLAVE_CAN_TEST.elf" @"objects.list"   -mcpu=cortex-m3 -T"D:\Embedded System\STM_PROJECT\SLAVE_CAN_TEST\STM32F103C8TX_FLASH.ld" --specs=nosys.specs -Wl,-Map="SLAVE_CAN_TEST.map" -Wl,--gc-sections -static --specs=nano.specs -mfloat-abi=soft -mthumb -Wl,--start-group -lc -lm -Wl,--end-group
Finished building target: SLAVE_CAN_TEST.elf
 
arm-none-eabi-size  SLAVE_CAN_TEST.elf 
arm-none-eabi-objdump -h -S SLAVE_CAN_TEST.elf  > "SLAVE_CAN_TEST.list"
   text	   data	    bss	    dec	    hex	filename
   8524	     20	   1684	  10228	   27f4	SLAVE_CAN_TEST.elf
Finished building: default.size.stdout
 
Finished building: SLAVE_CAN_TEST.list
 

16:14:46 Build Finished. 0 errors, 0 warnings. (took 755ms)

