20:42:11 **** Build of configuration Debug for project STM32_MASTER_NODE ****
make -j16 all 
arm-none-eabi-gcc "../Core/Src/main.c" -mcpu=cortex-m4 -std=gnu11 -g3 -DDEBUG -DUSE_HAL_DRIVER -DSTM32F407xx -c -I../Core/Inc -I../Drivers/STM32F4xx_HAL_Driver/Inc -I../Drivers/STM32F4xx_HAL_Driver/Inc/Legacy -I../Drivers/CMSIS/Device/ST/STM32F4xx/Include -I../Drivers/CMSIS/Include -I"D:/Embedded System/STM_PROJECT/STM32_MASTER_NODE/thu_vien" -O0 -ffunction-sections -fdata-sections -Wall -fstack-usage -fcyclomatic-complexity -MMD -MP -MF"Core/Src/main.d" -MT"Core/Src/main.o" --specs=nano.specs -mfpu=fpv4-sp-d16 -mfloat-abi=hard -mthumb -o "Core/Src/main.o"
arm-none-eabi-gcc -o "STM32_MASTER_NODE.elf" @"objects.list"   -mcpu=cortex-m4 -T"D:\Embedded System\STM_PROJECT\STM32_MASTER_NODE\STM32F407VGTX_FLASH.ld" --specs=nosys.specs -Wl,-Map="STM32_MASTER_NODE.map" -Wl,--gc-sections -static --specs=nano.specs -mfpu=fpv4-sp-d16 -mfloat-abi=hard -mthumb -Wl,--start-group -lc -lm -Wl,--end-group
Finished building target: STM32_MASTER_NODE.elf
 
arm-none-eabi-size  STM32_MASTER_NODE.elf 
arm-none-eabi-objdump -h -S STM32_MASTER_NODE.elf  > "STM32_MASTER_NODE.list"
   text	   data	    bss	    dec	    hex	filename
  20680	    100	   2300	  23080	   5a28	STM32_MASTER_NODE.elf
Finished building: default.size.stdout
 
Finished building: STM32_MASTER_NODE.list
 

20:42:13 Build Finished. 0 errors, 0 warnings. (took 1s.723ms)

