15:45:51 **** Incremental Build of configuration Debug for project TEST ****
make -j16 all 
arm-none-eabi-gcc "../Core/Src/main.c" -mcpu=cortex-m4 -std=gnu11 -g3 -DDEBUG -DUSE_HAL_DRIVER -DSTM32F407xx -c -I../Core/Inc -I../Drivers/STM32F4xx_HAL_Driver/Inc -I../Drivers/STM32F4xx_HAL_Driver/Inc/Legacy -I../Drivers/CMSIS/Device/ST/STM32F4xx/Include -I../Drivers/CMSIS/Include -O0 -ffunction-sections -fdata-sections -Wall -fstack-usage -fcyclomatic-complexity -MMD -MP -MF"Core/Src/main.d" -MT"Core/Src/main.o" --specs=nano.specs -mfpu=fpv4-sp-d16 -mfloat-abi=hard -mthumb -o "Core/Src/main.o"
../Core/Src/main.c:26:22: warning: initializer-string for array of 'unsigned char' is too long
   26 | uint8_t tx_buf[10] = "Welcome to\n\r";
      |                      ^~~~~~~~~~~~~~~~
arm-none-eabi-gcc -o "TEST.elf" @"objects.list"   -mcpu=cortex-m4 -T"D:\Embedded System\STM_PROJECT\TEST\STM32F407VGTX_FLASH.ld" --specs=nosys.specs -Wl,-Map="TEST.map" -Wl,--gc-sections -static --specs=nano.specs -mfpu=fpv4-sp-d16 -mfloat-abi=hard -mthumb -Wl,--start-group -lc -lm -Wl,--end-group
Finished building target: TEST.elf
 
arm-none-eabi-size  TEST.elf 
arm-none-eabi-objdump -h -S TEST.elf  > "TEST.list"
   text	   data	    bss	    dec	    hex	filename
  10648	     32	   1640	  12320	   3020	TEST.elf
Finished building: default.size.stdout
 
Finished building: TEST.list
 

15:45:52 Build Finished. 0 errors, 1 warnings. (took 858ms)

