14:43:14 **** Incremental Build of configuration Debug for project Test_RX_Slave3 ****
make -j16 all 
arm-none-eabi-gcc "../Core/Src/main.c" -mcpu=cortex-m3 -std=gnu11 -g3 -DDEBUG -DUSE_HAL_DRIVER -DSTM32F103xB -c -I../Core/Inc -I../Drivers/STM32F1xx_HAL_Driver/Inc/Legacy -I../Drivers/STM32F1xx_HAL_Driver/Inc -I../Drivers/CMSIS/Device/ST/STM32F1xx/Include -I../Drivers/CMSIS/Include -O0 -ffunction-sections -fdata-sections -Wall -fstack-usage -fcyclomatic-complexity -MMD -MP -MF"Core/Src/main.d" -MT"Core/Src/main.o" --specs=nano.specs -mfloat-abi=soft -mthumb -o "Core/Src/main.o"
arm-none-eabi-gcc -o "Test_RX_Slave3.elf" @"objects.list"   -mcpu=cortex-m3 -T"D:\Embedded System\STM_PROJECT\Test_RX_Slave3\STM32F103C8TX_FLASH.ld" --specs=nosys.specs -Wl,-Map="Test_RX_Slave3.map" -Wl,--gc-sections -static --specs=nano.specs -mfloat-abi=soft -mthumb -Wl,--start-group -lc -lm -Wl,--end-group
Finished building target: Test_RX_Slave3.elf
 
arm-none-eabi-size  Test_RX_Slave3.elf 
arm-none-eabi-objdump -h -S Test_RX_Slave3.elf  > "Test_RX_Slave3.list"
   text	   data	    bss	    dec	    hex	filename
  16592	     24	   2104	  18720	   4920	Test_RX_Slave3.elf
arm-none-eabi-objcopy  -O ihex Test_RX_Slave3.elf  "Test_RX_Slave3.hex"
Finished building: default.size.stdout
 
Finished building: Test_RX_Slave3.hex
 
Finished building: Test_RX_Slave3.list
 

14:43:14 Build Finished. 0 errors, 0 warnings. (took 651ms)

