14:00:02 **** Incremental Build of configuration Debug for project TEST_CAN_SENDnode ****
make -j16 all 
arm-none-eabi-gcc "../Core/Src/main.c" -mcpu=cortex-m3 -std=gnu11 -g3 -DDEBUG -DUSE_HAL_DRIVER -DSTM32F103xB -c -I../Core/Inc -I../Drivers/STM32F1xx_HAL_Driver/Inc/Legacy -I../Drivers/STM32F1xx_HAL_Driver/Inc -I../Drivers/CMSIS/Device/ST/STM32F1xx/Include -I../Drivers/CMSIS/Include -O0 -ffunction-sections -fdata-sections -Wall -fstack-usage -fcyclomatic-complexity -MMD -MP -MF"Core/Src/main.d" -MT"Core/Src/main.o" --specs=nano.specs -mfloat-abi=soft -mthumb -o "Core/Src/main.o"
arm-none-eabi-gcc -o "TEST_CAN_SENDnode.elf" @"objects.list"   -mcpu=cortex-m3 -T"D:\Embedded System\STM_PROJECT\TEST_CAN_SENDnode\STM32F103C8TX_FLASH.ld" --specs=nosys.specs -Wl,-Map="TEST_CAN_SENDnode.map" -Wl,--gc-sections -static --specs=nano.specs -mfloat-abi=soft -mthumb -Wl,--start-group -lc -lm -Wl,--end-group
Finished building target: TEST_CAN_SENDnode.elf
 
arm-none-eabi-size  TEST_CAN_SENDnode.elf 
arm-none-eabi-objdump -h -S TEST_CAN_SENDnode.elf  > "TEST_CAN_SENDnode.list"
   text	   data	    bss	    dec	    hex	filename
  19876	     24	   2200	  22100	   5654	TEST_CAN_SENDnode.elf
arm-none-eabi-objcopy  -O ihex TEST_CAN_SENDnode.elf  "TEST_CAN_SENDnode.hex"
Finished building: default.size.stdout
 
Finished building: TEST_CAN_SENDnode.hex
 
Finished building: TEST_CAN_SENDnode.list
 

14:00:03 Build Finished. 0 errors, 0 warnings. (took 646ms)

