22:53:36 **** Incremental Build of configuration Debug for project TEST_ACSERVO_ENCODER ****
make -j16 all 
arm-none-eabi-gcc "../Core/Src/main.c" -mcpu=cortex-m3 -std=gnu11 -g3 -DDEBUG -DUSE_HAL_DRIVER -DSTM32F103xB -c -I../Core/Inc -I../Drivers/STM32F1xx_HAL_Driver/Inc/Legacy -I../Drivers/STM32F1xx_HAL_Driver/Inc -I../Drivers/CMSIS/Device/ST/STM32F1xx/Include -I../Drivers/CMSIS/Include -O0 -ffunction-sections -fdata-sections -Wall -fstack-usage -fcyclomatic-complexity -MMD -MP -MF"Core/Src/main.d" -MT"Core/Src/main.o" --specs=nano.specs -mfloat-abi=soft -mthumb -o "Core/Src/main.o"
arm-none-eabi-gcc -o "TEST_ACSERVO_ENCODER.elf" @"objects.list"   -mcpu=cortex-m3 -T"D:\Embedded System\STM_PROJECT\TEST_ACSERVO_ENCODER\STM32F103C8TX_FLASH.ld" --specs=nosys.specs -Wl,-Map="TEST_ACSERVO_ENCODER.map" -Wl,--gc-sections -static --specs=nano.specs -mfloat-abi=soft -mthumb -Wl,--start-group -lc -lm -Wl,--end-group
Finished building target: TEST_ACSERVO_ENCODER.elf
 
arm-none-eabi-size  TEST_ACSERVO_ENCODER.elf 
arm-none-eabi-objdump -h -S TEST_ACSERVO_ENCODER.elf  > "TEST_ACSERVO_ENCODER.list"
   text	   data	    bss	    dec	    hex	filename
  19964	     24	   2200	  22188	   56ac	TEST_ACSERVO_ENCODER.elf
arm-none-eabi-objcopy  -O ihex TEST_ACSERVO_ENCODER.elf  "TEST_ACSERVO_ENCODER.hex"
Finished building: default.size.stdout
 
Finished building: TEST_ACSERVO_ENCODER.hex
 
Finished building: TEST_ACSERVO_ENCODER.list
 

22:53:37 Build Finished. 0 errors, 0 warnings. (took 1s.143ms)

